#
# There is insufficient memory for the Java Runtime Environment to continue.
# Native memory allocation (malloc) failed to allocate 1048576 bytes. Error detail: AllocateHeap
# Possible reasons:
#   The system is out of physical RAM or swap space
#   This process is running with CompressedOops enabled, and the Java Heap may be blocking the growth of the native heap
# Possible solutions:
#   Reduce memory load on the system
#   Increase physical memory or swap space
#   Check if swap backing store is full
#   Decrease Java heap size (-Xmx/-Xms)
#   Decrease number of Java threads
#   Decrease Java thread stack sizes (-Xss)
#   Set larger code cache with -XX:ReservedCodeCacheSize=
#   JVM is running with Unscaled Compressed Oops mode in which the Java heap is
#     placed in the first 4GB address space. The Java Heap base address is the
#     maximum limit for the native heap growth. Please use -XX:HeapBaseMinAddress
#     to set the Java Heap base and to place the Java Heap above 4GB virtual address.
# This output file may be truncated or incomplete.
#
#  Out of Memory Error (allocation.cpp:44), pid=23568, tid=12524
#
# JRE version: OpenJDK Runtime Environment Temurin-21.0.10+7 (21.0.10+7) (build 21.0.10+7-LTS)
# Java VM: OpenJDK 64-Bit Server VM Temurin-21.0.10+7 (21.0.10+7-LTS, mixed mode, sharing, tiered, compressed oops, compressed class ptrs, parallel gc, windows-amd64)
# No core dump will be written. Minidumps are not enabled by default on client versions of Windows
#

---------------  S U M M A R Y ------------

Command Line: --add-modules=ALL-SYSTEM --add-opens=java.base/java.util=ALL-UNNAMED --add-opens=java.base/java.lang=ALL-UNNAMED --add-opens=java.base/sun.nio.fs=ALL-UNNAMED -Declipse.application=org.eclipse.jdt.ls.core.id1 -Dosgi.bundles.defaultStartLevel=4 -Declipse.product=org.eclipse.jdt.ls.core.product -Djava.import.generatesMetadataFilesAtProjectRoot=false -DDetectVMInstallationsJob.disabled=true -Dfile.encoding=utf8 -XX:+UseParallelGC -XX:GCTimeRatio=4 -XX:AdaptiveSizePolicyWeight=90 -Dsun.zip.disableMemoryMapping=true -Xmx2G -Xms100m -Xlog:disable -javaagent:c:\Users\Vanitas\.vscode\extensions\redhat.java-1.54.0-win32-x64\lombok\lombok-1.18.39-4050.jar -XX:+HeapDumpOnOutOfMemoryError -XX:HeapDumpPath=c:\Users\Vanitas\AppData\Roaming\Code\User\workspaceStorage\4d45b13f44b69e15ba972d05892e8381\redhat.java -Daether.dependencyCollector.impl=bf c:\Users\Vanitas\.vscode\extensions\redhat.java-1.54.0-win32-x64\server\plugins\org.eclipse.equinox.launcher_1.7.100.v20251111-0406.jar -configuration c:\Users\Vanitas\AppData\Roaming\Code\User\globalStorage\redhat.java\1.54.0\config_win -data c:\Users\Vanitas\AppData\Roaming\Code\User\workspaceStorage\4d45b13f44b69e15ba972d05892e8381\redhat.java\jdt_ws --pipe=\\.\pipe\lsp-e8dcf97ee177cdc2627bf9cc25061810-sock

Host: 13th Gen Intel(R) Core(TM) i5-1335U, 12 cores, 15G,  Windows 11 , 64 bit Build 26100 (10.0.26100.8328)
Time: Wed Jun  3 12:31:28 2026 SE Asia Standard Time elapsed time: 982.745197 seconds (0d 0h 16m 22s)

---------------  T H R E A D  ---------------

Current thread (0x00000208f4d94b80):  JavaThread "Attach Listener" daemon [_thread_in_vm, id=12524, stack(0x000000b757700000,0x000000b757800000) (1024K)]

Stack: [0x000000b757700000,0x000000b757800000]
Native frames: (J=compiled Java code, j=interpreted, Vv=VM code, C=native code)
V  [jvm.dll+0x6d7a39]
V  [jvm.dll+0x8b4b26]
V  [jvm.dll+0x8b70de]
V  [jvm.dll+0x8b77c3]
V  [jvm.dll+0x284346]
V  [jvm.dll+0xc1277]
V  [jvm.dll+0x6d82e9]
V  [jvm.dll+0x1334a6]
V  [jvm.dll+0x3f857e]
V  [jvm.dll+0x85f59d]
V  [jvm.dll+0x6d626d]
C  [ucrtbase.dll+0x37b0]
C  [KERNEL32.DLL+0x2e957]
C  [ntdll.dll+0x427c]


---------------  P R O C E S S  ---------------

Threads class SMR info:
_java_thread_list=0x00000208d6472f80, length=41, elements={
0x00000208f2818060, 0x00000208f4c9e8c0, 0x00000208f4d92c50, 0x00000208f4d94120,
0x00000208f4d94b80, 0x00000208f4d98fa0, 0x00000208f4d9ad10, 0x00000208f4da4820,
0x00000208f4dae4c0, 0x00000208fdbfd330, 0x00000208fe9d0000, 0x00000208d4088230,
0x00000208ff098990, 0x00000208fef24b60, 0x00000208d4039370, 0x00000208d43e3c00,
0x00000208d4603ab0, 0x00000208d40b8ca0, 0x00000208d40b8610, 0x00000208d40b7260,
0x00000208d4e2b9d0, 0x00000208d4e2c6f0, 0x00000208d4e2cd80, 0x00000208d4e2ee50,
0x00000208d4e2c060, 0x00000208d4e2d410, 0x00000208d4e2fb70, 0x00000208d4e30200,
0x00000208d4e30f20, 0x00000208d4e2e7c0, 0x00000208d4e2e130, 0x00000208d4e2f4e0,
0x00000208d4e30890, 0x00000208d4e2daa0, 0x00000208d4e315b0, 0x00000208d4e31c40,
0x00000208d5e96400, 0x00000208d5e9b950, 0x00000208d4adf180, 0x00000208d5e99880,
0x00000208d5e956e0
}

Java Threads: ( => current thread )
  0x00000208f2818060 JavaThread "main"                              [_thread_blocked, id=29956, stack(0x000000b757000000,0x000000b757100000) (1024K)]
  0x00000208f4c9e8c0 JavaThread "Reference Handler"          daemon [_thread_blocked, id=31632, stack(0x000000b757400000,0x000000b757500000) (1024K)]
  0x00000208f4d92c50 JavaThread "Finalizer"                  daemon [_thread_blocked, id=6132, stack(0x000000b757500000,0x000000b757600000) (1024K)]
  0x00000208f4d94120 JavaThread "Signal Dispatcher"          daemon [_thread_blocked, id=17220, stack(0x000000b757600000,0x000000b757700000) (1024K)]
=>0x00000208f4d94b80 JavaThread "Attach Listener"            daemon [_thread_in_vm, id=12524, stack(0x000000b757700000,0x000000b757800000) (1024K)]
  0x00000208f4d98fa0 JavaThread "Service Thread"             daemon [_thread_blocked, id=16936, stack(0x000000b757800000,0x000000b757900000) (1024K)]
  0x00000208f4d9ad10 JavaThread "Monitor Deflation Thread"   daemon [_thread_blocked, id=11048, stack(0x000000b757900000,0x000000b757a00000) (1024K)]
  0x00000208f4da4820 JavaThread "C2 CompilerThread0"         daemon [_thread_blocked, id=13412, stack(0x000000b757a00000,0x000000b757b00000) (1024K)]
  0x00000208f4dae4c0 JavaThread "C1 CompilerThread0"         daemon [_thread_blocked, id=8464, stack(0x000000b757b00000,0x000000b757c00000) (1024K)]
  0x00000208fdbfd330 JavaThread "Common-Cleaner"             daemon [_thread_blocked, id=14148, stack(0x000000b757c00000,0x000000b757d00000) (1024K)]
  0x00000208fe9d0000 JavaThread "Notification Thread"        daemon [_thread_blocked, id=26220, stack(0x000000b757d00000,0x000000b757e00000) (1024K)]
  0x00000208d4088230 JavaThread "Active Thread: Equinox Container: 39c83f8b-ad0b-4b93-8e31-34c1b026c88a"        [_thread_blocked, id=8872, stack(0x000000b758500000,0x000000b758600000) (1024K)]
  0x00000208ff098990 JavaThread "Refresh Thread: Equinox Container: 39c83f8b-ad0b-4b93-8e31-34c1b026c88a" daemon [_thread_blocked, id=17968, stack(0x000000b757e00000,0x000000b757f00000) (1024K)]
  0x00000208fef24b60 JavaThread "Framework Event Dispatcher: Equinox Container: 39c83f8b-ad0b-4b93-8e31-34c1b026c88a" daemon [_thread_blocked, id=7668, stack(0x000000b758700000,0x000000b758800000) (1024K)]
  0x00000208d4039370 JavaThread "Start Level: Equinox Container: 39c83f8b-ad0b-4b93-8e31-34c1b026c88a" daemon [_thread_blocked, id=9188, stack(0x000000b758800000,0x000000b758900000) (1024K)]
  0x00000208d43e3c00 JavaThread "Bundle File Closer"         daemon [_thread_blocked, id=29284, stack(0x000000b758d00000,0x000000b758e00000) (1024K)]
  0x00000208d4603ab0 JavaThread "SCR Component Actor"        daemon [_thread_blocked, id=6380, stack(0x000000b758900000,0x000000b758a00000) (1024K)]
  0x00000208d40b8ca0 JavaThread "Worker-JM"                         [_thread_blocked, id=31916, stack(0x000000b758e00000,0x000000b758f00000) (1024K)]
  0x00000208d40b8610 JavaThread "JNA Cleaner"                daemon [_thread_blocked, id=33684, stack(0x000000b758f00000,0x000000b759000000) (1024K)]
  0x00000208d40b7260 JavaThread "Java indexing"              daemon [_thread_blocked, id=20492, stack(0x000000b759200000,0x000000b759300000) (1024K)]
  0x00000208d4e2b9d0 JavaThread "Thread-1"                   daemon [_thread_in_native, id=12520, stack(0x000000b759700000,0x000000b759800000) (1024K)]
  0x00000208d4e2c6f0 JavaThread "Thread-2"                   daemon [_thread_in_native, id=28016, stack(0x000000b759800000,0x000000b759900000) (1024K)]
  0x00000208d4e2cd80 JavaThread "Thread-3"                   daemon [_thread_in_native, id=17020, stack(0x000000b759900000,0x000000b759a00000) (1024K)]
  0x00000208d4e2ee50 JavaThread "Thread-4"                   daemon [_thread_in_native, id=18840, stack(0x000000b759a00000,0x000000b759b00000) (1024K)]
  0x00000208d4e2c060 JavaThread "Thread-5"                   daemon [_thread_in_native, id=15780, stack(0x000000b759b00000,0x000000b759c00000) (1024K)]
  0x00000208d4e2d410 JavaThread "Thread-6"                   daemon [_thread_in_native, id=5620, stack(0x000000b759c00000,0x000000b759d00000) (1024K)]
  0x00000208d4e2fb70 JavaThread "Thread-7"                   daemon [_thread_in_native, id=27356, stack(0x000000b759d00000,0x000000b759e00000) (1024K)]
  0x00000208d4e30200 JavaThread "Thread-8"                   daemon [_thread_in_native, id=19364, stack(0x000000b759e00000,0x000000b759f00000) (1024K)]
  0x00000208d4e30f20 JavaThread "Thread-9"                   daemon [_thread_in_native, id=30448, stack(0x000000b759f00000,0x000000b75a000000) (1024K)]
  0x00000208d4e2e7c0 JavaThread "Thread-10"                  daemon [_thread_in_native, id=3480, stack(0x000000b75a000000,0x000000b75a100000) (1024K)]
  0x00000208d4e2e130 JavaThread "Thread-11"                  daemon [_thread_in_native, id=7184, stack(0x000000b75a100000,0x000000b75a200000) (1024K)]
  0x00000208d4e2f4e0 JavaThread "Thread-12"                  daemon [_thread_in_native, id=30312, stack(0x000000b75a200000,0x000000b75a300000) (1024K)]
  0x00000208d4e30890 JavaThread "Thread-13"                  daemon [_thread_in_native, id=11020, stack(0x000000b75a300000,0x000000b75a400000) (1024K)]
  0x00000208d4e2daa0 JavaThread "pool-2-thread-1"                   [_thread_blocked, id=29000, stack(0x000000b75a400000,0x000000b75a500000) (1024K)]
  0x00000208d4e315b0 JavaThread "WorkspaceEventsHandler"            [_thread_blocked, id=6780, stack(0x000000b75a700000,0x000000b75a800000) (1024K)]
  0x00000208d4e31c40 JavaThread "pool-1-thread-1"                   [_thread_blocked, id=16640, stack(0x000000b75a800000,0x000000b75a900000) (1024K)]
  0x00000208d5e96400 JavaThread "Timer-0"                           [_thread_blocked, id=5548, stack(0x000000b75b500000,0x000000b75b600000) (1024K)]
  0x00000208d5e9b950 JavaThread "Timer-1"                           [_thread_blocked, id=13284, stack(0x000000b75b400000,0x000000b75b500000) (1024K)]
  0x00000208d4adf180 JavaThread "Cleaner-0"                  daemon [_thread_blocked, id=21024, stack(0x000000b75bb00000,0x000000b75bc00000) (1024K)]
  0x00000208d5e99880 JavaThread "Worker-7"                          [_thread_blocked, id=23972, stack(0x000000b758a00000,0x000000b758b00000) (1024K)]
  0x00000208d5e956e0 JavaThread "Worker-8"                          [_thread_blocked, id=17536, stack(0x000000b759100000,0x000000b759200000) (1024K)]
Total: 41

Other Threads:
  0x00000208f4c84350 VMThread "VM Thread"                           [id=22124, stack(0x000000b757300000,0x000000b757400000) (1024K)]
  0x00000208f4b7ca00 WatcherThread "VM Periodic Task Thread"        [id=27404, stack(0x000000b757200000,0x000000b757300000) (1024K)]
  0x00000208f4d08850 WorkerThread "GC Thread#0"                     [id=24132, stack(0x000000b757100000,0x000000b757200000) (1024K)]
  0x00000208fed15730 WorkerThread "GC Thread#1"                     [id=19880, stack(0x000000b757f00000,0x000000b758000000) (1024K)]
  0x00000208fdd5fed0 WorkerThread "GC Thread#2"                     [id=1572, stack(0x000000b758000000,0x000000b758100000) (1024K)]
  0x00000208fef3bfb0 WorkerThread "GC Thread#3"                     [id=25988, stack(0x000000b758100000,0x000000b758200000) (1024K)]
  0x00000208d408f760 WorkerThread "GC Thread#4"                     [id=2216, stack(0x000000b758200000,0x000000b758300000) (1024K)]
  0x00000208d408fb10 WorkerThread "GC Thread#5"                     [id=27808, stack(0x000000b758300000,0x000000b758400000) (1024K)]
  0x00000208fefb3020 WorkerThread "GC Thread#6"                     [id=19840, stack(0x000000b758400000,0x000000b758500000) (1024K)]
  0x00000208ff097410 WorkerThread "GC Thread#7"                     [id=28360, stack(0x000000b758600000,0x000000b758700000) (1024K)]
  0x00000208d4428a00 WorkerThread "GC Thread#8"                     [id=26644, stack(0x000000b758b00000,0x000000b758c00000) (1024K)]
  0x00000208d4428db0 WorkerThread "GC Thread#9"                     [id=22864, stack(0x000000b758c00000,0x000000b758d00000) (1024K)]
Total: 12

Threads with active compile tasks:
Total: 0

VM state: not at safepoint (normal execution)

VM Mutex/Monitor currently owned by a thread: None

Heap address: 0x0000000080000000, size: 2048 MB, Compressed Oops mode: 32-bit

CDS archive(s) mapped at: [0x000002088f000000-0x000002088fba0000-0x000002088fba0000), size 12189696, SharedBaseAddress: 0x000002088f000000, ArchiveRelocationMode: 1.
Compressed class space mapped at: 0x0000020890000000-0x00000208d0000000, reserved size: 1073741824
Narrow klass base: 0x000002088f000000, Narrow klass shift: 0, Narrow klass range: 0x100000000

GC Precious Log:
 CardTable entry size: 512
 CPUs: 12 total, 12 available
 Memory: 16068M
 Large Page Support: Disabled
 NUMA Support: Disabled
 Compressed Oops: Enabled (32-bit)
 Alignments: Space 512K, Generation 512K, Heap 2M
 Heap Min Capacity: 100M
 Heap Initial Capacity: 100M
 Heap Max Capacity: 2G
 Pre-touch: Disabled
 Parallel Workers: 10

Heap:
 PSYoungGen      total 3584K, used 2242K [0x00000000d5580000, 0x00000000d5a00000, 0x0000000100000000)
  eden space 2560K, 55% used [0x00000000d5580000,0x00000000d56e0b40,0x00000000d5800000)
  from space 1024K, 81% used [0x00000000d5900000,0x00000000d59d0000,0x00000000d5a00000)
  to   space 1024K, 0% used [0x00000000d5800000,0x00000000d5800000,0x00000000d5900000)
 ParOldGen       total 155648K, used 155207K [0x0000000080000000, 0x0000000089800000, 0x00000000d5580000)
  object space 155648K, 99% used [0x0000000080000000,0x0000000089791d90,0x0000000089800000)
 Metaspace       used 88424K, committed 90240K, reserved 1179648K
  class space    used 10426K, committed 11264K, reserved 1048576K

Card table byte_map: [0x00000208f4690000,0x00000208f4aa0000] _byte_map_base: 0x00000208f4290000

Marking Bits: (ParMarkBitMap*) 0x00007ffc6bed3450
 Begin Bits: [0x00000208f81a0000, 0x00000208fa1a0000)
 End Bits:   [0x00000208fa1a0000, 0x00000208fc1a0000)

Polling page: 0x00000208f2ac0000

Metaspace:

Usage:
  Non-class:     76.17 MB used.
      Class:     10.18 MB used.
       Both:     86.35 MB used.

Virtual space:
  Non-class space:      128.00 MB reserved,      77.12 MB ( 60%) committed,  2 nodes.
      Class space:        1.00 GB reserved,      11.00 MB (  1%) committed,  1 nodes.
             Both:        1.12 GB reserved,      88.12 MB (  8%) committed. 

Chunk freelists:
   Non-Class:  2.61 MB
       Class:  4.85 MB
        Both:  7.46 MB

MaxMetaspaceSize: unlimited
CompressedClassSpaceSize: 1.00 GB
Initial GC threshold: 21.00 MB
Current GC threshold: 97.31 MB
CDS: on
 - commit_granule_bytes: 65536.
 - commit_granule_words: 8192.
 - virtual_space_node_default_size: 8388608.
 - enlarge_chunks_in_place: 1.
 - use_allocation_guard: 0.


Internal statistics:

num_allocs_failed_limit: 9.
num_arena_births: 1666.
num_arena_deaths: 14.
num_vsnodes_births: 3.
num_vsnodes_deaths: 0.
num_space_committed: 1410.
num_space_uncommitted: 0.
num_chunks_returned_to_freelist: 23.
num_chunks_taken_from_freelist: 5901.
num_chunk_merges: 13.
num_chunk_splits: 3668.
num_chunks_enlarged: 2135.
num_inconsistent_stats: 0.

CodeHeap 'non-profiled nmethods': size=120000Kb used=11273Kb max_used=11273Kb free=108727Kb
 bounds [0x0000020887ad0000, 0x00000208885e0000, 0x000002088f000000]
CodeHeap 'profiled nmethods': size=120000Kb used=30722Kb max_used=30722Kb free=89277Kb
 bounds [0x0000020880000000, 0x0000020881e10000, 0x0000020887530000]
CodeHeap 'non-nmethods': size=5760Kb used=1484Kb max_used=1567Kb free=4276Kb
 bounds [0x0000020887530000, 0x00000208877a0000, 0x0000020887ad0000]
CodeCache: size=245760Kb, used=43479Kb, max_used=43562Kb, free=202280Kb
 total_blobs=13683, nmethods=12876, adapters=711, full_count=0
Compilation: enabled, stopped_count=0, restarted_count=0

Compilation events (20 events):
Event: 330.379 Thread 0x00000208f4dae4c0 13650       3       java.io.BufferedWriter::<init> (12 bytes)
Event: 330.379 Thread 0x00000208f4dae4c0 nmethod 13650 0x0000020881dff390 code [0x0000020881dff560, 0x0000020881dff9a8]
Event: 330.387 Thread 0x00000208f4da4820 nmethod 13613% 0x00000208885c6990 code [0x00000208885c6ce0, 0x00000208885c8858]
Event: 330.387 Thread 0x00000208f4da4820 13626   !   4       org.eclipse.jdt.internal.compiler.lookup.BinaryTypeBinding::superInterfaces (286 bytes)
Event: 330.392 Thread 0x00000208f4da4820 nmethod 13626 0x00000208885c9a90 code [0x00000208885c9d20, 0x00000208885ca530]
Event: 330.392 Thread 0x00000208f4da4820 13631 % !   4       org.eclipse.jdt.internal.compiler.parser.Parser::parse @ 570 (950 bytes)
Event: 330.400 Thread 0x00000208d4f3d170 nmethod 13632 0x00000208885cac10 code [0x00000208885cb040, 0x00000208885ccde0]
Event: 330.400 Thread 0x00000208d4f3d170 13645       4       org.eclipse.jdt.internal.compiler.lookup.AnnotationHolder::setAnnotations (18 bytes)
Event: 330.400 Thread 0x00000208d4f3d170 nmethod 13645 0x00000208885ce090 code [0x00000208885ce220, 0x00000208885ce2e8]
Event: 330.408 Thread 0x00000208f4da4820 nmethod 13631% 0x00000208885ce390 code [0x00000208885ce800, 0x00000208885d0888]
Event: 337.177 Thread 0x00000208f4dae4c0 13651       3       java.util.concurrent.locks.AbstractQueuedSynchronizer$ConditionObject::unlinkCancelledWaiters (91 bytes)
Event: 337.177 Thread 0x00000208f4dae4c0 nmethod 13651 0x0000020881dffb10 code [0x0000020881dffcc0, 0x0000020881e00050]
Event: 347.997 Thread 0x00000208f4da4820 13652       4       java.util.TaskQueue::isEmpty (13 bytes)
Event: 347.997 Thread 0x00000208f4da4820 nmethod 13652 0x00000208885d1d10 code [0x00000208885d1ea0, 0x00000208885d1f48]
Event: 547.002 Thread 0x00000208f4dae4c0 13653       3       java.util.concurrent.locks.AbstractQueuedSynchronizer$Node::setStatusRelaxed (12 bytes)
Event: 547.002 Thread 0x00000208f4dae4c0 nmethod 13653 0x0000020881e00190 code [0x0000020881e00320, 0x0000020881e00438]
Event: 601.874 Thread 0x00000208f4dae4c0 13654       3       java.util.concurrent.ThreadPoolExecutor::beforeExecute (1 bytes)
Event: 601.874 Thread 0x00000208f4dae4c0 nmethod 13654 0x0000020881e00510 code [0x0000020881e006a0, 0x0000020881e007a8]
Event: 707.484 Thread 0x00000208f4dae4c0 13655       3       java.util.concurrent.ThreadPoolExecutor::afterExecute (1 bytes)
Event: 707.484 Thread 0x00000208f4dae4c0 nmethod 13655 0x0000020881e00810 code [0x0000020881e009a0, 0x0000020881e00aa8]

GC Heap History (20 events):
Event: 329.352 GC heap before
{Heap before GC invocations=176 (full 3):
 PSYoungGen      total 3072K, used 2944K [0x00000000d5580000, 0x00000000d5980000, 0x0000000100000000)
  eden space 2560K, 100% used [0x00000000d5580000,0x00000000d5800000,0x00000000d5800000)
  from space 512K, 75% used [0x00000000d5900000,0x00000000d5960000,0x00000000d5980000)
  to   space 512K, 0% used [0x00000000d5880000,0x00000000d5880000,0x00000000d5900000)
 ParOldGen       total 152576K, used 152500K [0x0000000080000000, 0x0000000089500000, 0x00000000d5580000)
  object space 152576K, 99% used [0x0000000080000000,0x00000000894ed3f0,0x0000000089500000)
 Metaspace       used 88272K, committed 90048K, reserved 1179648K
  class space    used 10425K, committed 11264K, reserved 1048576K
}
Event: 329.353 GC heap after
{Heap after GC invocations=176 (full 3):
 PSYoungGen      total 3072K, used 512K [0x00000000d5580000, 0x00000000d5a00000, 0x0000000100000000)
  eden space 2560K, 0% used [0x00000000d5580000,0x00000000d5580000,0x00000000d5800000)
  from space 512K, 100% used [0x00000000d5880000,0x00000000d5900000,0x00000000d5900000)
  to   space 1024K, 0% used [0x00000000d5900000,0x00000000d5900000,0x00000000d5a00000)
 ParOldGen       total 153088K, used 152620K [0x0000000080000000, 0x0000000089580000, 0x00000000d5580000)
  object space 153088K, 99% used [0x0000000080000000,0x000000008950b3f0,0x0000000089580000)
 Metaspace       used 88272K, committed 90048K, reserved 1179648K
  class space    used 10425K, committed 11264K, reserved 1048576K
}
Event: 329.414 GC heap before
{Heap before GC invocations=177 (full 3):
 PSYoungGen      total 3072K, used 3072K [0x00000000d5580000, 0x00000000d5a00000, 0x0000000100000000)
  eden space 2560K, 100% used [0x00000000d5580000,0x00000000d5800000,0x00000000d5800000)
  from space 512K, 100% used [0x00000000d5880000,0x00000000d5900000,0x00000000d5900000)
  to   space 1024K, 0% used [0x00000000d5900000,0x00000000d5900000,0x00000000d5a00000)
 ParOldGen       total 153088K, used 152620K [0x0000000080000000, 0x0000000089580000, 0x00000000d5580000)
  object space 153088K, 99% used [0x0000000080000000,0x000000008950b3f0,0x0000000089580000)
 Metaspace       used 88287K, committed 90048K, reserved 1179648K
  class space    used 10425K, committed 11264K, reserved 1048576K
}
Event: 329.415 GC heap after
{Heap after GC invocations=177 (full 3):
 PSYoungGen      total 3072K, used 288K [0x00000000d5580000, 0x00000000d5980000, 0x0000000100000000)
  eden space 2560K, 0% used [0x00000000d5580000,0x00000000d5580000,0x00000000d5800000)
  from space 512K, 56% used [0x00000000d5900000,0x00000000d5948000,0x00000000d5980000)
  to   space 512K, 0% used [0x00000000d5880000,0x00000000d5880000,0x00000000d5900000)
 ParOldGen       total 153088K, used 153031K [0x0000000080000000, 0x0000000089580000, 0x00000000d5580000)
  object space 153088K, 99% used [0x0000000080000000,0x0000000089571d00,0x0000000089580000)
 Metaspace       used 88287K, committed 90048K, reserved 1179648K
  class space    used 10425K, committed 11264K, reserved 1048576K
}
Event: 329.476 GC heap before
{Heap before GC invocations=178 (full 3):
 PSYoungGen      total 3072K, used 2848K [0x00000000d5580000, 0x00000000d5980000, 0x0000000100000000)
  eden space 2560K, 100% used [0x00000000d5580000,0x00000000d5800000,0x00000000d5800000)
  from space 512K, 56% used [0x00000000d5900000,0x00000000d5948000,0x00000000d5980000)
  to   space 512K, 0% used [0x00000000d5880000,0x00000000d5880000,0x00000000d5900000)
 ParOldGen       total 153088K, used 153031K [0x0000000080000000, 0x0000000089580000, 0x00000000d5580000)
  object space 153088K, 99% used [0x0000000080000000,0x0000000089571d00,0x0000000089580000)
 Metaspace       used 88311K, committed 90112K, reserved 1179648K
  class space    used 10425K, committed 11264K, reserved 1048576K
}
Event: 329.476 GC heap after
{Heap after GC invocations=178 (full 3):
 PSYoungGen      total 3072K, used 512K [0x00000000d5580000, 0x00000000d5a00000, 0x0000000100000000)
  eden space 2560K, 0% used [0x00000000d5580000,0x00000000d5580000,0x00000000d5800000)
  from space 512K, 100% used [0x00000000d5880000,0x00000000d5900000,0x00000000d5900000)
  to   space 1024K, 0% used [0x00000000d5900000,0x00000000d5900000,0x00000000d5a00000)
 ParOldGen       total 153600K, used 153185K [0x0000000080000000, 0x0000000089600000, 0x00000000d5580000)
  object space 153600K, 99% used [0x0000000080000000,0x0000000089598600,0x0000000089600000)
 Metaspace       used 88311K, committed 90112K, reserved 1179648K
  class space    used 10425K, committed 11264K, reserved 1048576K
}
Event: 329.814 GC heap before
{Heap before GC invocations=179 (full 3):
 PSYoungGen      total 3072K, used 3072K [0x00000000d5580000, 0x00000000d5a00000, 0x0000000100000000)
  eden space 2560K, 100% used [0x00000000d5580000,0x00000000d5800000,0x00000000d5800000)
  from space 512K, 100% used [0x00000000d5880000,0x00000000d5900000,0x00000000d5900000)
  to   space 1024K, 0% used [0x00000000d5900000,0x00000000d5900000,0x00000000d5a00000)
 ParOldGen       total 153600K, used 153185K [0x0000000080000000, 0x0000000089600000, 0x00000000d5580000)
  object space 153600K, 99% used [0x0000000080000000,0x0000000089598600,0x0000000089600000)
 Metaspace       used 88321K, committed 90112K, reserved 1179648K
  class space    used 10425K, committed 11264K, reserved 1048576K
}
Event: 329.815 GC heap after
{Heap after GC invocations=179 (full 3):
 PSYoungGen      total 3584K, used 496K [0x00000000d5580000, 0x00000000d5a00000, 0x0000000100000000)
  eden space 2560K, 0% used [0x00000000d5580000,0x00000000d5580000,0x00000000d5800000)
  from space 1024K, 48% used [0x00000000d5900000,0x00000000d597c010,0x00000000d5a00000)
  to   space 1024K, 0% used [0x00000000d5800000,0x00000000d5800000,0x00000000d5900000)
 ParOldGen       total 154112K, used 153665K [0x0000000080000000, 0x0000000089680000, 0x00000000d5580000)
  object space 154112K, 99% used [0x0000000080000000,0x0000000089610610,0x0000000089680000)
 Metaspace       used 88321K, committed 90112K, reserved 1179648K
  class space    used 10425K, committed 11264K, reserved 1048576K
}
Event: 329.823 GC heap before
{Heap before GC invocations=180 (full 3):
 PSYoungGen      total 3584K, used 3056K [0x00000000d5580000, 0x00000000d5a00000, 0x0000000100000000)
  eden space 2560K, 100% used [0x00000000d5580000,0x00000000d5800000,0x00000000d5800000)
  from space 1024K, 48% used [0x00000000d5900000,0x00000000d597c010,0x00000000d5a00000)
  to   space 1024K, 0% used [0x00000000d5800000,0x00000000d5800000,0x00000000d5900000)
 ParOldGen       total 154112K, used 153665K [0x0000000080000000, 0x0000000089680000, 0x00000000d5580000)
  object space 154112K, 99% used [0x0000000080000000,0x0000000089610610,0x0000000089680000)
 Metaspace       used 88333K, committed 90112K, reserved 1179648K
  class space    used 10426K, committed 11264K, reserved 1048576K
}
Event: 329.824 GC heap after
{Heap after GC invocations=180 (full 3):
 PSYoungGen      total 3584K, used 608K [0x00000000d5580000, 0x00000000d5a00000, 0x0000000100000000)
  eden space 2560K, 0% used [0x00000000d5580000,0x00000000d5580000,0x00000000d5800000)
  from space 1024K, 59% used [0x00000000d5800000,0x00000000d5898000,0x00000000d5900000)
  to   space 1024K, 0% used [0x00000000d5900000,0x00000000d5900000,0x00000000d5a00000)
 ParOldGen       total 154112K, used 153737K [0x0000000080000000, 0x0000000089680000, 0x00000000d5580000)
  object space 154112K, 99% used [0x0000000080000000,0x0000000089622610,0x0000000089680000)
 Metaspace       used 88333K, committed 90112K, reserved 1179648K
  class space    used 10426K, committed 11264K, reserved 1048576K
}
Event: 329.942 GC heap before
{Heap before GC invocations=181 (full 3):
 PSYoungGen      total 3584K, used 3168K [0x00000000d5580000, 0x00000000d5a00000, 0x0000000100000000)
  eden space 2560K, 100% used [0x00000000d5580000,0x00000000d5800000,0x00000000d5800000)
  from space 1024K, 59% used [0x00000000d5800000,0x00000000d5898000,0x00000000d5900000)
  to   space 1024K, 0% used [0x00000000d5900000,0x00000000d5900000,0x00000000d5a00000)
 ParOldGen       total 154112K, used 153737K [0x0000000080000000, 0x0000000089680000, 0x00000000d5580000)
  object space 154112K, 99% used [0x0000000080000000,0x0000000089622610,0x0000000089680000)
 Metaspace       used 88346K, committed 90112K, reserved 1179648K
  class space    used 10426K, committed 11264K, reserved 1048576K
}
Event: 329.942 GC heap after
{Heap after GC invocations=181 (full 3):
 PSYoungGen      total 3072K, used 288K [0x00000000d5580000, 0x00000000d5980000, 0x0000000100000000)
  eden space 2560K, 0% used [0x00000000d5580000,0x00000000d5580000,0x00000000d5800000)
  from space 512K, 56% used [0x00000000d5900000,0x00000000d5948000,0x00000000d5980000)
  to   space 512K, 0% used [0x00000000d5880000,0x00000000d5880000,0x00000000d5900000)
 ParOldGen       total 154112K, used 153809K [0x0000000080000000, 0x0000000089680000, 0x00000000d5580000)
  object space 154112K, 99% used [0x0000000080000000,0x0000000089634610,0x0000000089680000)
 Metaspace       used 88346K, committed 90112K, reserved 1179648K
  class space    used 10426K, committed 11264K, reserved 1048576K
}
Event: 329.955 GC heap before
{Heap before GC invocations=182 (full 3):
 PSYoungGen      total 3072K, used 2847K [0x00000000d5580000, 0x00000000d5980000, 0x0000000100000000)
  eden space 2560K, 99% used [0x00000000d5580000,0x00000000d57fffc8,0x00000000d5800000)
  from space 512K, 56% used [0x00000000d5900000,0x00000000d5948000,0x00000000d5980000)
  to   space 512K, 0% used [0x00000000d5880000,0x00000000d5880000,0x00000000d5900000)
 ParOldGen       total 154112K, used 153809K [0x0000000080000000, 0x0000000089680000, 0x00000000d5580000)
  object space 154112K, 99% used [0x0000000080000000,0x0000000089634610,0x0000000089680000)
 Metaspace       used 88355K, committed 90112K, reserved 1179648K
  class space    used 10426K, committed 11264K, reserved 1048576K
}
Event: 329.955 GC heap after
{Heap after GC invocations=182 (full 3):
 PSYoungGen      total 3072K, used 512K [0x00000000d5580000, 0x00000000d5a00000, 0x0000000100000000)
  eden space 2560K, 0% used [0x00000000d5580000,0x00000000d5580000,0x00000000d5800000)
  from space 512K, 100% used [0x00000000d5880000,0x00000000d5900000,0x00000000d5900000)
  to   space 1024K, 0% used [0x00000000d5900000,0x00000000d5900000,0x00000000d5a00000)
 ParOldGen       total 154112K, used 153984K [0x0000000080000000, 0x0000000089680000, 0x00000000d5580000)
  object space 154112K, 99% used [0x0000000080000000,0x00000000896601b0,0x0000000089680000)
 Metaspace       used 88355K, committed 90112K, reserved 1179648K
  class space    used 10426K, committed 11264K, reserved 1048576K
}
Event: 330.345 GC heap before
{Heap before GC invocations=183 (full 3):
 PSYoungGen      total 3072K, used 3068K [0x00000000d5580000, 0x00000000d5a00000, 0x0000000100000000)
  eden space 2560K, 99% used [0x00000000d5580000,0x00000000d57ff3c8,0x00000000d5800000)
  from space 512K, 100% used [0x00000000d5880000,0x00000000d5900000,0x00000000d5900000)
  to   space 1024K, 0% used [0x00000000d5900000,0x00000000d5900000,0x00000000d5a00000)
 ParOldGen       total 154112K, used 153984K [0x0000000080000000, 0x0000000089680000, 0x00000000d5580000)
  object space 154112K, 99% used [0x0000000080000000,0x00000000896601b0,0x0000000089680000)
 Metaspace       used 88386K, committed 90176K, reserved 1179648K
  class space    used 10426K, committed 11264K, reserved 1048576K
}
Event: 330.347 GC heap after
{Heap after GC invocations=183 (full 3):
 PSYoungGen      total 3584K, used 448K [0x00000000d5580000, 0x00000000d5a00000, 0x0000000100000000)
  eden space 2560K, 0% used [0x00000000d5580000,0x00000000d5580000,0x00000000d5800000)
  from space 1024K, 43% used [0x00000000d5900000,0x00000000d5970000,0x00000000d5a00000)
  to   space 1024K, 0% used [0x00000000d5800000,0x00000000d5800000,0x00000000d5900000)
 ParOldGen       total 154624K, used 154496K [0x0000000080000000, 0x0000000089700000, 0x00000000d5580000)
  object space 154624K, 99% used [0x0000000080000000,0x00000000896e01d0,0x0000000089700000)
 Metaspace       used 88386K, committed 90176K, reserved 1179648K
  class space    used 10426K, committed 11264K, reserved 1048576K
}
Event: 330.357 GC heap before
{Heap before GC invocations=184 (full 3):
 PSYoungGen      total 3584K, used 3008K [0x00000000d5580000, 0x00000000d5a00000, 0x0000000100000000)
  eden space 2560K, 100% used [0x00000000d5580000,0x00000000d5800000,0x00000000d5800000)
  from space 1024K, 43% used [0x00000000d5900000,0x00000000d5970000,0x00000000d5a00000)
  to   space 1024K, 0% used [0x00000000d5800000,0x00000000d5800000,0x00000000d5900000)
 ParOldGen       total 154624K, used 154496K [0x0000000080000000, 0x0000000089700000, 0x00000000d5580000)
  object space 154624K, 99% used [0x0000000080000000,0x00000000896e01d0,0x0000000089700000)
 Metaspace       used 88389K, committed 90176K, reserved 1179648K
  class space    used 10426K, committed 11264K, reserved 1048576K
}
Event: 330.360 GC heap after
{Heap after GC invocations=184 (full 3):
 PSYoungGen      total 3584K, used 592K [0x00000000d5580000, 0x00000000d5a00000, 0x0000000100000000)
  eden space 2560K, 0% used [0x00000000d5580000,0x00000000d5580000,0x00000000d5800000)
  from space 1024K, 57% used [0x00000000d5800000,0x00000000d5894030,0x00000000d5900000)
  to   space 1024K, 0% used [0x00000000d5900000,0x00000000d5900000,0x00000000d5a00000)
 ParOldGen       total 155136K, used 154743K [0x0000000080000000, 0x0000000089780000, 0x00000000d5580000)
  object space 155136K, 99% used [0x0000000080000000,0x000000008971dd60,0x0000000089780000)
 Metaspace       used 88389K, committed 90176K, reserved 1179648K
  class space    used 10426K, committed 11264K, reserved 1048576K
}
Event: 330.372 GC heap before
{Heap before GC invocations=185 (full 3):
 PSYoungGen      total 3584K, used 3152K [0x00000000d5580000, 0x00000000d5a00000, 0x0000000100000000)
  eden space 2560K, 100% used [0x00000000d5580000,0x00000000d5800000,0x00000000d5800000)
  from space 1024K, 57% used [0x00000000d5800000,0x00000000d5894030,0x00000000d5900000)
  to   space 1024K, 0% used [0x00000000d5900000,0x00000000d5900000,0x00000000d5a00000)
 ParOldGen       total 155136K, used 154743K [0x0000000080000000, 0x0000000089780000, 0x00000000d5580000)
  object space 155136K, 99% used [0x0000000080000000,0x000000008971dd60,0x0000000089780000)
 Metaspace       used 88412K, committed 90176K, reserved 1179648K
  class space    used 10426K, committed 11264K, reserved 1048576K
}
Event: 330.373 GC heap after
{Heap after GC invocations=185 (full 3):
 PSYoungGen      total 3584K, used 832K [0x00000000d5580000, 0x00000000d5a00000, 0x0000000100000000)
  eden space 2560K, 0% used [0x00000000d5580000,0x00000000d5580000,0x00000000d5800000)
  from space 1024K, 81% used [0x00000000d5900000,0x00000000d59d0000,0x00000000d5a00000)
  to   space 1024K, 0% used [0x00000000d5800000,0x00000000d5800000,0x00000000d5900000)
 ParOldGen       total 155648K, used 155207K [0x0000000080000000, 0x0000000089800000, 0x00000000d5580000)
  object space 155648K, 99% used [0x0000000080000000,0x0000000089791d90,0x0000000089800000)
 Metaspace       used 88412K, committed 90176K, reserved 1179648K
  class space    used 10426K, committed 11264K, reserved 1048576K
}

Dll operation events (15 events):
Event: 0.013 Loaded shared library c:\Users\Vanitas\.vscode\extensions\redhat.java-1.54.0-win32-x64\jre\21.0.10-win32-x86_64\bin\java.dll
Event: 0.100 Loaded shared library c:\Users\Vanitas\.vscode\extensions\redhat.java-1.54.0-win32-x64\jre\21.0.10-win32-x86_64\bin\zip.dll
Event: 0.138 Loaded shared library C:\Users\Vanitas\.vscode\extensions\redhat.java-1.54.0-win32-x64\jre\21.0.10-win32-x86_64\bin\instrument.dll
Event: 0.143 Loaded shared library C:\Users\Vanitas\.vscode\extensions\redhat.java-1.54.0-win32-x64\jre\21.0.10-win32-x86_64\bin\net.dll
Event: 0.147 Loaded shared library C:\Users\Vanitas\.vscode\extensions\redhat.java-1.54.0-win32-x64\jre\21.0.10-win32-x86_64\bin\nio.dll
Event: 0.150 Loaded shared library C:\Users\Vanitas\.vscode\extensions\redhat.java-1.54.0-win32-x64\jre\21.0.10-win32-x86_64\bin\zip.dll
Event: 0.168 Loaded shared library C:\Users\Vanitas\.vscode\extensions\redhat.java-1.54.0-win32-x64\jre\21.0.10-win32-x86_64\bin\jimage.dll
Event: 0.268 Loaded shared library c:\Users\Vanitas\.vscode\extensions\redhat.java-1.54.0-win32-x64\jre\21.0.10-win32-x86_64\bin\verify.dll
Event: 2.027 Loaded shared library C:\Users\Vanitas\AppData\Roaming\Code\User\globalStorage\redhat.java\1.54.0\config_win\org.eclipse.equinox.launcher\org.eclipse.equinox.launcher.win32.win32.x86_64_1.3.0.v20260203-2149\eclipse_11919.dll
Event: 5.615 Loaded shared library C:\Users\Vanitas\AppData\Local\Temp\jna-1897762848\jna2160044229595360109.dll
Event: 10.188 Loaded shared library C:\Users\Vanitas\.gradle\native\c067742578af261105cb4f569cf0c3c89f3d7b1fecec35dd04571415982c5e48\windows-amd64\native-platform.dll
Event: 11.095 Loaded shared library C:\Users\Vanitas\.vscode\extensions\redhat.java-1.54.0-win32-x64\jre\21.0.10-win32-x86_64\bin\management.dll
Event: 11.098 Loaded shared library C:\Users\Vanitas\.vscode\extensions\redhat.java-1.54.0-win32-x64\jre\21.0.10-win32-x86_64\bin\management_ext.dll
Event: 18.601 Loaded shared library C:\Users\Vanitas\.vscode\extensions\redhat.java-1.54.0-win32-x64\jre\21.0.10-win32-x86_64\bin\extnet.dll
Event: 21.067 Loaded shared library C:\Users\Vanitas\.vscode\extensions\redhat.java-1.54.0-win32-x64\jre\21.0.10-win32-x86_64\bin\sunmscapi.dll

Deoptimization events (20 events):
Event: 329.813 Thread 0x00000208d5e956e0 Uncommon trap: trap_request=0xffffffbe fr.pc=0x00000208885a8510 relative=0x00000000000000d0
Event: 329.813 Thread 0x00000208d5e956e0 Uncommon trap: reason=profile_predicate action=maybe_recompile pc=0x00000208885a8510 method=org.eclipse.jdt.internal.compiler.parser.Scanner.jumpOverMethodBody()V @ 12 c2
Event: 329.813 Thread 0x00000208d5e956e0 DEOPT PACKING pc=0x00000208885a8510 sp=0x000000b7591fe890
Event: 329.813 Thread 0x00000208d5e956e0 DEOPT UNPACKING pc=0x0000020887583aa2 sp=0x000000b7591fe830 mode 2
Event: 329.820 Thread 0x00000208d5e956e0 Uncommon trap: trap_request=0xffffffbe fr.pc=0x00000208885a8510 relative=0x00000000000000d0
Event: 329.820 Thread 0x00000208d5e956e0 Uncommon trap: reason=profile_predicate action=maybe_recompile pc=0x00000208885a8510 method=org.eclipse.jdt.internal.compiler.parser.Scanner.jumpOverMethodBody()V @ 12 c2
Event: 329.820 Thread 0x00000208d5e956e0 DEOPT PACKING pc=0x00000208885a8510 sp=0x000000b7591fe890
Event: 329.820 Thread 0x00000208d5e956e0 DEOPT UNPACKING pc=0x0000020887583aa2 sp=0x000000b7591fe830 mode 2
Event: 329.914 Thread 0x00000208d4e31c40 Uncommon trap: trap_request=0xffffffbe fr.pc=0x00000208885a8510 relative=0x00000000000000d0
Event: 329.914 Thread 0x00000208d4e31c40 Uncommon trap: reason=profile_predicate action=maybe_recompile pc=0x00000208885a8510 method=org.eclipse.jdt.internal.compiler.parser.Scanner.jumpOverMethodBody()V @ 12 c2
Event: 329.914 Thread 0x00000208d4e31c40 DEOPT PACKING pc=0x00000208885a8510 sp=0x000000b75a8fdf10
Event: 329.914 Thread 0x00000208d4e31c40 DEOPT UNPACKING pc=0x0000020887583aa2 sp=0x000000b75a8fdeb0 mode 2
Event: 329.919 Thread 0x00000208d4e31c40 Uncommon trap: trap_request=0xffffffbe fr.pc=0x00000208885a8510 relative=0x00000000000000d0
Event: 329.919 Thread 0x00000208d4e31c40 Uncommon trap: reason=profile_predicate action=maybe_recompile pc=0x00000208885a8510 method=org.eclipse.jdt.internal.compiler.parser.Scanner.jumpOverMethodBody()V @ 12 c2
Event: 329.919 Thread 0x00000208d4e31c40 DEOPT PACKING pc=0x00000208885a8510 sp=0x000000b75a8fddd0
Event: 329.919 Thread 0x00000208d4e31c40 DEOPT UNPACKING pc=0x0000020887583aa2 sp=0x000000b75a8fdd70 mode 2
Event: 329.956 Thread 0x00000208d5e98b60 Uncommon trap: trap_request=0xffffff6e fr.pc=0x00000208885a60bc relative=0x000000000000009c
Event: 329.956 Thread 0x00000208d5e98b60 Uncommon trap: reason=loop_limit_check action=maybe_recompile pc=0x00000208885a60bc method=org.eclipse.jdt.internal.compiler.lookup.BinaryTypeBinding.superInterfaces()[Lorg/eclipse/jdt/internal/compiler/lookup/ReferenceBinding; @ 266 c2
Event: 329.957 Thread 0x00000208d5e98b60 DEOPT PACKING pc=0x00000208885a60bc sp=0x000000b75b1fd4d0
Event: 329.957 Thread 0x00000208d5e98b60 DEOPT UNPACKING pc=0x0000020887583aa2 sp=0x000000b75b1fd468 mode 2

Classes loaded (20 events):
Event: 129.447 Loading class jdk/internal/module/IllegalAccessLogger
Event: 129.447 Loading class jdk/internal/module/IllegalAccessLogger done
Event: 141.588 Loading class jdk/internal/module/IllegalAccessLogger
Event: 141.588 Loading class jdk/internal/module/IllegalAccessLogger done
Event: 141.720 Loading class jdk/internal/module/IllegalAccessLogger
Event: 141.720 Loading class jdk/internal/module/IllegalAccessLogger done
Event: 167.400 Loading class java/util/function/IntPredicate
Event: 167.400 Loading class java/util/function/IntPredicate done
Event: 167.408 Loading class java/util/regex/Pattern$Bound
Event: 167.408 Loading class java/util/regex/Pattern$Bound done
Event: 316.539 Loading class java/util/stream/Nodes$CollectorTask$OfRef
Event: 316.539 Loading class java/util/stream/Nodes$CollectorTask
Event: 316.539 Loading class java/util/stream/Nodes$CollectorTask done
Event: 316.539 Loading class java/util/stream/Nodes$CollectorTask$OfRef done
Event: 316.539 Loading class java/util/function/LongFunction
Event: 316.539 Loading class java/util/function/LongFunction done
Event: 316.539 Loading class java/util/stream/Nodes$ConcNode
Event: 316.539 Loading class java/util/stream/Nodes$AbstractConcNode
Event: 316.539 Loading class java/util/stream/Nodes$AbstractConcNode done
Event: 316.539 Loading class java/util/stream/Nodes$ConcNode done

Classes unloaded (7 events):
Event: 6.118 Thread 0x00000208f4c84350 Unloading class 0x00000208901a8800 'java/lang/invoke/LambdaForm$MH+0x00000208901a8800'
Event: 6.118 Thread 0x00000208f4c84350 Unloading class 0x00000208901a8400 'java/lang/invoke/LambdaForm$MH+0x00000208901a8400'
Event: 6.118 Thread 0x00000208f4c84350 Unloading class 0x00000208901a8000 'java/lang/invoke/LambdaForm$MH+0x00000208901a8000'
Event: 6.118 Thread 0x00000208f4c84350 Unloading class 0x00000208901a7c00 'java/lang/invoke/LambdaForm$MH+0x00000208901a7c00'
Event: 6.118 Thread 0x00000208f4c84350 Unloading class 0x00000208901a7800 'java/lang/invoke/LambdaForm$BMH+0x00000208901a7800'
Event: 6.118 Thread 0x00000208f4c84350 Unloading class 0x00000208901a7400 'java/lang/invoke/LambdaForm$DMH+0x00000208901a7400'
Event: 6.118 Thread 0x00000208f4c84350 Unloading class 0x00000208901a6000 'java/lang/invoke/LambdaForm$DMH+0x00000208901a6000'

Classes redefined (0 events):
No events

Internal exceptions (20 events):
Event: 117.600 Thread 0x00000208d5e95d70 Exception <a 'java/lang/NoSuchMethodError'{0x00000000d62fde18}: 'java.lang.Object java.lang.invoke.DirectMethodHandle$Holder.invokeStatic(java.lang.Object, java.lang.Object, int, int)'> (0x00000000d62fde18) 
thrown [s\src\hotspot\share\interpreter\linkResolver.cpp, line 773]
Event: 117.600 Thread 0x00000208d5e95d70 Exception <a 'java/lang/NoSuchMethodError'{0x00000000d6302368}: 'java.lang.Object java.lang.invoke.DirectMethodHandle$Holder.invokeSpecial(java.lang.Object, java.lang.Object, java.lang.Object, int, int)'> (0x00000000d6302368) 
thrown [s\src\hotspot\share\interpreter\linkResolver.cpp, line 773]
Event: 117.686 Thread 0x00000208d5e97120 Exception <a 'java/lang/NoSuchMethodError'{0x00000000d5c55388}: 'java.lang.Object java.lang.invoke.DirectMethodHandle$Holder.invokeStatic(java.lang.Object, int, java.lang.Object, java.lang.Object, java.lang.Object, java.lang.Object)'> (0x00000000d5c55388) 
thrown [s\src\hotspot\share\interpreter\linkResolver.cpp, line 773]
Event: 118.119 Thread 0x00000208d5e95d70 Exception <a 'java/lang/ArrayIndexOutOfBoundsException'{0x00000000d5897cf8}> (0x00000000d5897cf8) 
thrown [s\src\hotspot\share\runtime\sharedRuntime.cpp, line 625]
Event: 118.771 Thread 0x00000208d4e31c40 Exception <a 'java/lang/IncompatibleClassChangeError'{0x00000000d58bb0b8}: Found class java.lang.Object, but interface was expected> (0x00000000d58bb0b8) 
thrown [s\src\hotspot\share\interpreter\linkResolver.cpp, line 840]
Event: 121.774 Thread 0x00000208d5e956e0 Exception <a 'java/lang/NoSuchMethodError'{0x00000000d5685aa8}: 'int java.lang.invoke.DirectMethodHandle$Holder.invokeVirtual(java.lang.Object, java.lang.Object, java.lang.Object, int)'> (0x00000000d5685aa8) 
thrown [s\src\hotspot\share\interpreter\linkResolver.cpp, line 773]
Event: 122.182 Thread 0x00000208d5e956e0 Exception <a 'java/lang/ArrayIndexOutOfBoundsException'{0x00000000d5b4f250}> (0x00000000d5b4f250) 
thrown [s\src\hotspot\share\runtime\sharedRuntime.cpp, line 625]
Event: 129.315 Thread 0x00000208d40b7260 Exception <a 'sun/nio/fs/WindowsException'{0x00000000d5b97608}> (0x00000000d5b97608) 
thrown [s\src\hotspot\share\prims\jni.cpp, line 520]
Event: 129.424 Thread 0x00000208d40b7260 Exception <a 'sun/nio/fs/WindowsException'{0x00000000d5e47c38}> (0x00000000d5e47c38) 
thrown [s\src\hotspot\share\prims\jni.cpp, line 520]
Event: 129.438 Thread 0x00000208d40b7260 Implicit null exception at 0x00000208881cb062 to 0x00000208881cb4a0
Event: 131.674 Thread 0x00000208d5e956e0 Exception <a 'java/lang/ArrayIndexOutOfBoundsException'{0x00000000d59a3088}: Index 305 out of bounds for length 304> (0x00000000d59a3088) 
thrown [s\src\hotspot\share\interpreter\interpreterRuntime.cpp, line 439]
Event: 133.793 Thread 0x00000208d5e98b60 Exception <a 'java/lang/NoSuchMethodError'{0x00000000d58577a8}: 'java.lang.Object java.lang.invoke.DirectMethodHandle$Holder.invokeStatic(java.lang.Object, java.lang.Object, int, java.lang.Object, java.lang.Object)'> (0x00000000d58577a8) 
thrown [s\src\hotspot\share\interpreter\linkResolver.cpp, line 773]
Event: 141.315 Thread 0x00000208d40b7260 Exception <a 'sun/nio/fs/WindowsException'{0x00000000d5d99ab0}> (0x00000000d5d99ab0) 
thrown [s\src\hotspot\share\prims\jni.cpp, line 520]
Event: 141.454 Thread 0x00000208d40b7260 Exception <a 'sun/nio/fs/WindowsException'{0x00000000d56440e0}> (0x00000000d56440e0) 
thrown [s\src\hotspot\share\prims\jni.cpp, line 520]
Event: 141.522 Thread 0x00000208d5e96a90 Implicit null exception at 0x0000020888010767 to 0x0000020888010f70
Event: 167.400 Thread 0x00000208d5e95d70 Exception <a 'java/lang/NoSuchMethodError'{0x00000000d5617ec0}: 'int java.lang.invoke.DirectMethodHandle$Holder.invokeStaticInit(java.lang.Object, int)'> (0x00000000d5617ec0) 
thrown [s\src\hotspot\share\interpreter\linkResolver.cpp, line 773]
Event: 316.549 Thread 0x00000208d4adeaf0 Exception <a 'sun/nio/fs/WindowsException'{0x00000000d56522b0}> (0x00000000d56522b0) 
thrown [s\src\hotspot\share\prims\jni.cpp, line 520]
Event: 316.549 Thread 0x00000208d4adeaf0 Exception <a 'sun/nio/fs/WindowsException'{0x00000000d5652de0}> (0x00000000d5652de0) 
thrown [s\src\hotspot\share\prims\jni.cpp, line 520]
Event: 316.550 Thread 0x00000208d4adeaf0 Implicit null exception at 0x000002088802f906 to 0x000002088802fc8c
Event: 316.560 Thread 0x00000208d4adeaf0 Exception <a 'java/lang/NoSuchMethodError'{0x00000000d56a5648}: 'java.lang.Object java.lang.invoke.DirectMethodHandle$Holder.newInvokeSpecial(java.lang.Object, java.lang.Object, java.lang.Object, java.lang.Object, java.lang.Object, java.lang.Object, java.lang.Object, java.lang.Object)'> (0x00000000d56a5648) 
thrown [s\src\hotspot\share\interpreter\linkResolver.cpp, line 773]

ZGC Phase Switch (0 events):
No events

VM Operations (20 events):
Event: 329.823 Executing safepoint VM operation: ParallelGCFailedAllocation (Allocation Failure)
Event: 329.824 Executing safepoint VM operation: ParallelGCFailedAllocation (Allocation Failure) done
Event: 329.942 Executing safepoint VM operation: ParallelGCFailedAllocation (Allocation Failure)
Event: 329.942 Executing safepoint VM operation: ParallelGCFailedAllocation (Allocation Failure) done
Event: 329.954 Executing safepoint VM operation: ParallelGCFailedAllocation (Allocation Failure)
Event: 329.955 Executing safepoint VM operation: ParallelGCFailedAllocation (Allocation Failure) done
Event: 330.345 Executing safepoint VM operation: ParallelGCFailedAllocation (Allocation Failure)
Event: 330.347 Executing safepoint VM operation: ParallelGCFailedAllocation (Allocation Failure) done
Event: 330.357 Executing safepoint VM operation: ParallelGCFailedAllocation (Allocation Failure)
Event: 330.360 Executing safepoint VM operation: ParallelGCFailedAllocation (Allocation Failure) done
Event: 330.372 Executing safepoint VM operation: ParallelGCFailedAllocation (Allocation Failure)
Event: 330.373 Executing safepoint VM operation: ParallelGCFailedAllocation (Allocation Failure) done
Event: 332.374 Executing safepoint VM operation: Cleanup
Event: 332.374 Executing safepoint VM operation: Cleanup done
Event: 360.811 Executing non-safepoint VM operation: HandshakeAllThreads (HandshakeForDeflation)
Event: 360.811 Executing non-safepoint VM operation: HandshakeAllThreads (HandshakeForDeflation) done
Event: 360.811 Executing non-safepoint VM operation: RendezvousGCThreads
Event: 360.811 Executing non-safepoint VM operation: RendezvousGCThreads done
Event: 442.439 Executing safepoint VM operation: Cleanup
Event: 442.440 Executing safepoint VM operation: Cleanup done

Memory protections (0 events):
No events

Nmethod flushes (20 events):
Event: 13.538 Thread 0x00000208f4c84350 flushing  nmethod 0x0000020880904590
Event: 13.538 Thread 0x00000208f4c84350 flushing  nmethod 0x0000020880904a10
Event: 13.538 Thread 0x00000208f4c84350 flushing  nmethod 0x000002088090f990
Event: 13.538 Thread 0x00000208f4c84350 flushing  nmethod 0x0000020880917210
Event: 13.538 Thread 0x00000208f4c84350 flushing  nmethod 0x0000020880951790
Event: 13.538 Thread 0x00000208f4c84350 flushing  nmethod 0x0000020880953090
Event: 13.538 Thread 0x00000208f4c84350 flushing  nmethod 0x0000020880954b90
Event: 13.538 Thread 0x00000208f4c84350 flushing  nmethod 0x0000020880955010
Event: 13.538 Thread 0x00000208f4c84350 flushing  nmethod 0x0000020880955390
Event: 13.538 Thread 0x00000208f4c84350 flushing  nmethod 0x0000020880955d90
Event: 13.538 Thread 0x00000208f4c84350 flushing  nmethod 0x0000020880965290
Event: 13.538 Thread 0x00000208f4c84350 flushing  nmethod 0x0000020880965a10
Event: 13.538 Thread 0x00000208f4c84350 flushing  nmethod 0x0000020880967410
Event: 13.538 Thread 0x00000208f4c84350 flushing  nmethod 0x000002088096aa10
Event: 13.538 Thread 0x00000208f4c84350 flushing  nmethod 0x0000020880972810
Event: 13.538 Thread 0x00000208f4c84350 flushing  nmethod 0x0000020880974a90
Event: 13.538 Thread 0x00000208f4c84350 flushing  nmethod 0x0000020880989710
Event: 13.538 Thread 0x00000208f4c84350 flushing  nmethod 0x0000020880989a10
Event: 13.538 Thread 0x00000208f4c84350 flushing  nmethod 0x000002088098a310
Event: 13.538 Thread 0x00000208f4c84350 flushing  nmethod 0x000002088098b710

Events (20 events):
Event: 390.341 Thread 0x00000208d4adeaf0 Thread exited: 0x00000208d4adeaf0
Event: 425.622 Thread 0x00000208d4ade460 Thread exited: 0x00000208d4ade460
Event: 429.426 Thread 0x00000208d4adfea0 Thread exited: 0x00000208d4adfea0
Event: 429.440 Thread 0x00000208d4adf810 Thread exited: 0x00000208d4adf810
Event: 441.547 Thread 0x00000208d4ae2c90 Thread exited: 0x00000208d4ae2c90
Event: 441.547 Thread 0x00000208d4ae0bc0 Thread exited: 0x00000208d4ae0bc0
Event: 441.650 Thread 0x00000208d4ae18e0 Thread exited: 0x00000208d4ae18e0
Event: 441.651 Thread 0x00000208d4ae1250 Thread exited: 0x00000208d4ae1250
Event: 441.710 Thread 0x00000208d4ae2600 Thread exited: 0x00000208d4ae2600
Event: 441.710 Thread 0x00000208d4ae1f70 Thread exited: 0x00000208d4ae1f70
Event: 441.710 Thread 0x00000208d4ae3320 Thread exited: 0x00000208d4ae3320
Event: 450.283 Thread 0x00000208d5e98b60 Thread exited: 0x00000208d5e98b60
Event: 510.284 Thread 0x00000208d5e96a90 Thread exited: 0x00000208d5e96a90
Event: 570.291 Thread 0x00000208d5e95d70 Thread exited: 0x00000208d5e95d70
Event: 630.302 Thread 0x00000208d4e32ff0 Thread exited: 0x00000208d4e32ff0
Event: 690.313 Thread 0x00000208d5e95050 Thread exited: 0x00000208d5e95050
Event: 750.324 Thread 0x00000208d5e991f0 Thread exited: 0x00000208d5e991f0
Event: 810.337 Thread 0x00000208d5e949c0 Thread exited: 0x00000208d5e949c0
Event: 870.351 Thread 0x00000208d5e97120 Thread exited: 0x00000208d5e97120
Event: 930.355 Thread 0x00000208d5e97e40 Thread exited: 0x00000208d5e97e40


Dynamic libraries:
0x00007ff7d90d0000 - 0x00007ff7d90de000 	c:\Users\Vanitas\.vscode\extensions\redhat.java-1.54.0-win32-x64\jre\21.0.10-win32-x86_64\bin\java.exe
0x00007ffd51c20000 - 0x00007ffd51e87000 	C:\WINDOWS\SYSTEM32\ntdll.dll
0x00007ffd4fe10000 - 0x00007ffd4fed9000 	C:\WINDOWS\System32\KERNEL32.DLL
0x00007ffd4e650000 - 0x00007ffd4ea47000 	C:\WINDOWS\System32\KERNELBASE.dll
0x00007ffd4f4f0000 - 0x00007ffd4f63b000 	C:\WINDOWS\System32\ucrtbase.dll
0x00007ffd3f520000 - 0x00007ffd3f538000 	c:\Users\Vanitas\.vscode\extensions\redhat.java-1.54.0-win32-x64\jre\21.0.10-win32-x86_64\bin\jli.dll
0x00007ffd2fe40000 - 0x00007ffd2fe5e000 	c:\Users\Vanitas\.vscode\extensions\redhat.java-1.54.0-win32-x64\jre\21.0.10-win32-x86_64\bin\VCRUNTIME140.dll
0x00007ffd502d0000 - 0x00007ffd50496000 	C:\WINDOWS\System32\USER32.dll
0x00007ffd4f840000 - 0x00007ffd4f867000 	C:\WINDOWS\System32\win32u.dll
0x00007ffd51b20000 - 0x00007ffd51b4b000 	C:\WINDOWS\System32\GDI32.dll
0x00007ffd4f870000 - 0x00007ffd4f99c000 	C:\WINDOWS\System32\gdi32full.dll
0x00007ffd4f640000 - 0x00007ffd4f6e3000 	C:\WINDOWS\System32\msvcp_win.dll
0x00007ffd34ee0000 - 0x00007ffd35172000 	C:\WINDOWS\WinSxS\amd64_microsoft.windows.common-controls_6595b64144ccf1df_6.0.26100.8457_none_3e0b2faee331e92d\COMCTL32.dll
0x00007ffd4fee0000 - 0x00007ffd4ff89000 	C:\WINDOWS\System32\msvcrt.dll
0x00007ffd50130000 - 0x00007ffd50162000 	C:\WINDOWS\System32\IMM32.DLL
0x00007ffd494c0000 - 0x00007ffd494cc000 	c:\Users\Vanitas\.vscode\extensions\redhat.java-1.54.0-win32-x64\jre\21.0.10-win32-x86_64\bin\vcruntime140_1.dll
0x00007ffd12ab0000 - 0x00007ffd12b3d000 	c:\Users\Vanitas\.vscode\extensions\redhat.java-1.54.0-win32-x64\jre\21.0.10-win32-x86_64\bin\msvcp140.dll
0x00007ffc6b210000 - 0x00007ffc6bfb1000 	c:\Users\Vanitas\.vscode\extensions\redhat.java-1.54.0-win32-x64\jre\21.0.10-win32-x86_64\bin\server\jvm.dll
0x00007ffd4f9a0000 - 0x00007ffd4fa56000 	C:\WINDOWS\System32\ADVAPI32.dll
0x00007ffd4fd60000 - 0x00007ffd4fe07000 	C:\WINDOWS\System32\sechost.dll
0x00007ffd50580000 - 0x00007ffd50698000 	C:\WINDOWS\System32\RPCRT4.dll
0x00007ffd50900000 - 0x00007ffd50980000 	C:\WINDOWS\System32\WS2_32.dll
0x00007ffd4e4b0000 - 0x00007ffd4e50e000 	C:\WINDOWS\SYSTEM32\POWRPROF.dll
0x00007ffd4ca00000 - 0x00007ffd4ca36000 	C:\WINDOWS\SYSTEM32\WINMM.dll
0x00007ffd46c90000 - 0x00007ffd46c9b000 	C:\WINDOWS\SYSTEM32\VERSION.dll
0x00007ffd4e490000 - 0x00007ffd4e4a4000 	C:\WINDOWS\SYSTEM32\UMPDC.dll
0x00007ffd4d3e0000 - 0x00007ffd4d3fb000 	C:\WINDOWS\SYSTEM32\kernel.appcore.dll
0x00007ffd405d0000 - 0x00007ffd405da000 	c:\Users\Vanitas\.vscode\extensions\redhat.java-1.54.0-win32-x64\jre\21.0.10-win32-x86_64\bin\jimage.dll
0x00007ffd4c3e0000 - 0x00007ffd4c622000 	C:\WINDOWS\SYSTEM32\DBGHELP.DLL
0x00007ffd51790000 - 0x00007ffd51b13000 	C:\WINDOWS\System32\combase.dll
0x00007ffd504a0000 - 0x00007ffd50579000 	C:\WINDOWS\System32\OLEAUT32.dll
0x00007ffd4c9c0000 - 0x00007ffd4c9fb000 	C:\WINDOWS\SYSTEM32\dbgcore.DLL
0x00007ffd4ea50000 - 0x00007ffd4eaf8000 	C:\WINDOWS\System32\bcryptPrimitives.dll
0x00007ffd40330000 - 0x00007ffd4033f000 	c:\Users\Vanitas\.vscode\extensions\redhat.java-1.54.0-win32-x64\jre\21.0.10-win32-x86_64\bin\instrument.dll
0x00007ffd2bbe0000 - 0x00007ffd2bc00000 	c:\Users\Vanitas\.vscode\extensions\redhat.java-1.54.0-win32-x64\jre\21.0.10-win32-x86_64\bin\java.dll
0x00007ffd51010000 - 0x00007ffd5177e000 	C:\WINDOWS\System32\SHELL32.dll
0x00007ffd4eb00000 - 0x00007ffd4f36c000 	C:\WINDOWS\System32\windows.storage.dll
0x00007ffd4fae0000 - 0x00007ffd4fbd6000 	C:\WINDOWS\System32\SHCORE.dll
0x00007ffd51b60000 - 0x00007ffd51bc6000 	C:\WINDOWS\System32\shlwapi.dll
0x00007ffd4e570000 - 0x00007ffd4e599000 	C:\WINDOWS\SYSTEM32\profapi.dll
0x00007ffd2bac0000 - 0x00007ffd2bad8000 	c:\Users\Vanitas\.vscode\extensions\redhat.java-1.54.0-win32-x64\jre\21.0.10-win32-x86_64\bin\zip.dll
0x00007ffd405a0000 - 0x00007ffd405b0000 	C:\Users\Vanitas\.vscode\extensions\redhat.java-1.54.0-win32-x64\jre\21.0.10-win32-x86_64\bin\net.dll
0x00007ffd46b60000 - 0x00007ffd46c89000 	C:\WINDOWS\SYSTEM32\WINHTTP.dll
0x00007ffd4d950000 - 0x00007ffd4d9bc000 	C:\WINDOWS\system32\mswsock.dll
0x00007ffd29af0000 - 0x00007ffd29b06000 	C:\Users\Vanitas\.vscode\extensions\redhat.java-1.54.0-win32-x64\jre\21.0.10-win32-x86_64\bin\nio.dll
0x00007ffd3c130000 - 0x00007ffd3c140000 	c:\Users\Vanitas\.vscode\extensions\redhat.java-1.54.0-win32-x64\jre\21.0.10-win32-x86_64\bin\verify.dll
0x00007ffd054a0000 - 0x00007ffd054e5000 	C:\Users\Vanitas\AppData\Roaming\Code\User\globalStorage\redhat.java\1.54.0\config_win\org.eclipse.equinox.launcher\org.eclipse.equinox.launcher.win32.win32.x86_64_1.3.0.v20260203-2149\eclipse_11919.dll
0x00007ffd4ff90000 - 0x00007ffd50127000 	C:\WINDOWS\System32\ole32.dll
0x00007ffd4dc30000 - 0x00007ffd4dc4b000 	C:\WINDOWS\SYSTEM32\CRYPTSP.dll
0x00007ffd4d340000 - 0x00007ffd4d379000 	C:\WINDOWS\system32\rsaenh.dll
0x00007ffd4da00000 - 0x00007ffd4da33000 	C:\WINDOWS\SYSTEM32\USERENV.dll
0x00007ffd4e540000 - 0x00007ffd4e56a000 	C:\WINDOWS\SYSTEM32\bcrypt.dll
0x00007ffd4dc50000 - 0x00007ffd4dc5c000 	C:\WINDOWS\SYSTEM32\CRYPTBASE.dll
0x00007ffd4cda0000 - 0x00007ffd4cdd2000 	C:\WINDOWS\SYSTEM32\IPHLPAPI.DLL
0x00007ffd51b50000 - 0x00007ffd51b5a000 	C:\WINDOWS\System32\NSI.dll
0x00007ffd1b480000 - 0x00007ffd1b4c9000 	C:\Users\Vanitas\AppData\Local\Temp\jna-1897762848\jna2160044229595360109.dll
0x00007ffd50f70000 - 0x00007ffd50f78000 	C:\WINDOWS\System32\PSAPI.DLL
0x00007ffd486e0000 - 0x00007ffd486fd000 	C:\WINDOWS\SYSTEM32\dhcpcsvc6.DLL
0x00007ffd486b0000 - 0x00007ffd486d5000 	C:\WINDOWS\SYSTEM32\dhcpcsvc.DLL
0x00007ffd08860000 - 0x00007ffd08887000 	C:\Users\Vanitas\.gradle\native\c067742578af261105cb4f569cf0c3c89f3d7b1fecec35dd04571415982c5e48\windows-amd64\native-platform.dll
0x00007ffd30b70000 - 0x00007ffd30b7a000 	C:\Users\Vanitas\.vscode\extensions\redhat.java-1.54.0-win32-x64\jre\21.0.10-win32-x86_64\bin\management.dll
0x00007ffd2ffa0000 - 0x00007ffd2ffac000 	C:\Users\Vanitas\.vscode\extensions\redhat.java-1.54.0-win32-x64\jre\21.0.10-win32-x86_64\bin\management_ext.dll
0x00007ffd30ee0000 - 0x00007ffd30ee9000 	C:\Users\Vanitas\.vscode\extensions\redhat.java-1.54.0-win32-x64\jre\21.0.10-win32-x86_64\bin\extnet.dll
0x00007ffd3c0e0000 - 0x00007ffd3c0ee000 	C:\Users\Vanitas\.vscode\extensions\redhat.java-1.54.0-win32-x64\jre\21.0.10-win32-x86_64\bin\sunmscapi.dll
0x00007ffd4f370000 - 0x00007ffd4f4e8000 	C:\WINDOWS\System32\CRYPT32.dll
0x00007ffd4de50000 - 0x00007ffd4de80000 	C:\WINDOWS\SYSTEM32\ncrypt.dll
0x00007ffd4de00000 - 0x00007ffd4de3f000 	C:\WINDOWS\SYSTEM32\NTASN1.dll
0x00007ffd26ad0000 - 0x00007ffd26ad8000 	C:\WINDOWS\system32\wshunix.dll

JVMTI agents:
c:\Users\Vanitas\.vscode\extensions\redhat.java-1.54.0-win32-x64\lombok\lombok-1.18.39-4050.jar path:c:\Users\Vanitas\.vscode\extensions\redhat.java-1.54.0-win32-x64\jre\21.0.10-win32-x86_64\bin\instrument.dll, loaded, initialized, instrumentlib options:none

dbghelp: loaded successfully - version: 4.0.5 - missing functions: none
symbol engine: initialized successfully - sym options: 0x614 - pdb path: .;c:\Users\Vanitas\.vscode\extensions\redhat.java-1.54.0-win32-x64\jre\21.0.10-win32-x86_64\bin;C:\WINDOWS\SYSTEM32;C:\WINDOWS\WinSxS\amd64_microsoft.windows.common-controls_6595b64144ccf1df_6.0.26100.8457_none_3e0b2faee331e92d;c:\Users\Vanitas\.vscode\extensions\redhat.java-1.54.0-win32-x64\jre\21.0.10-win32-x86_64\bin\server;C:\Users\Vanitas\AppData\Roaming\Code\User\globalStorage\redhat.java\1.54.0\config_win\org.eclipse.equinox.launcher\org.eclipse.equinox.launcher.win32.win32.x86_64_1.3.0.v20260203-2149;C:\Users\Vanitas\AppData\Local\Temp\jna-1897762848;C:\Users\Vanitas\.gradle\native\c067742578af261105cb4f569cf0c3c89f3d7b1fecec35dd04571415982c5e48\windows-amd64

VM Arguments:
jvm_args: --add-modules=ALL-SYSTEM --add-opens=java.base/java.util=ALL-UNNAMED --add-opens=java.base/java.lang=ALL-UNNAMED --add-opens=java.base/sun.nio.fs=ALL-UNNAMED -Declipse.application=org.eclipse.jdt.ls.core.id1 -Dosgi.bundles.defaultStartLevel=4 -Declipse.product=org.eclipse.jdt.ls.core.product -Djava.import.generatesMetadataFilesAtProjectRoot=false -DDetectVMInstallationsJob.disabled=true -Dfile.encoding=utf8 -XX:+UseParallelGC -XX:GCTimeRatio=4 -XX:AdaptiveSizePolicyWeight=90 -Dsun.zip.disableMemoryMapping=true -Xmx2G -Xms100m -Xlog:disable -javaagent:c:\Users\Vanitas\.vscode\extensions\redhat.java-1.54.0-win32-x64\lombok\lombok-1.18.39-4050.jar -XX:+HeapDumpOnOutOfMemoryError -XX:HeapDumpPath=c:\Users\Vanitas\AppData\Roaming\Code\User\workspaceStorage\4d45b13f44b69e15ba972d05892e8381\redhat.java -Daether.dependencyCollector.impl=bf 
java_command: c:\Users\Vanitas\.vscode\extensions\redhat.java-1.54.0-win32-x64\server\plugins\org.eclipse.equinox.launcher_1.7.100.v20251111-0406.jar -configuration c:\Users\Vanitas\AppData\Roaming\Code\User\globalStorage\redhat.java\1.54.0\config_win -data c:\Users\Vanitas\AppData\Roaming\Code\User\workspaceStorage\4d45b13f44b69e15ba972d05892e8381\redhat.java\jdt_ws --pipe=\\.\pipe\lsp-e8dcf97ee177cdc2627bf9cc25061810-sock
java_class_path (initial): c:\Users\Vanitas\.vscode\extensions\redhat.java-1.54.0-win32-x64\server\plugins\org.eclipse.equinox.launcher_1.7.100.v20251111-0406.jar
Launcher Type: SUN_STANDARD

[Global flags]
    uintx AdaptiveSizePolicyWeight                 = 90                                        {product} {command line}
     intx CICompilerCount                          = 4                                         {product} {ergonomic}
    uintx GCTimeRatio                              = 4                                         {product} {command line}
     bool HeapDumpOnOutOfMemoryError               = true                                   {manageable} {command line}
    ccstr HeapDumpPath                             = c:\Users\Vanitas\AppData\Roaming\Code\User\workspaceStorage\4d45b13f44b69e15ba972d05892e8381\redhat.java         {manageable} {command line}
   size_t InitialHeapSize                          = 104857600                                 {product} {command line}
   size_t MaxHeapSize                              = 2147483648                                {product} {command line}
   size_t MaxNewSize                               = 715653120                                 {product} {ergonomic}
   size_t MinHeapDeltaBytes                        = 524288                                    {product} {ergonomic}
   size_t MinHeapSize                              = 104857600                                 {product} {command line}
   size_t NewSize                                  = 34603008                                  {product} {ergonomic}
    uintx NonNMethodCodeHeapSize                   = 5839372                                {pd product} {ergonomic}
    uintx NonProfiledCodeHeapSize                  = 122909434                              {pd product} {ergonomic}
   size_t OldSize                                  = 70254592                                  {product} {ergonomic}
    uintx ProfiledCodeHeapSize                     = 122909434                              {pd product} {ergonomic}
    uintx ReservedCodeCacheSize                    = 251658240                              {pd product} {ergonomic}
     bool SegmentedCodeCache                       = true                                      {product} {ergonomic}
   size_t SoftMaxHeapSize                          = 2147483648                             {manageable} {ergonomic}
     bool UseCompressedOops                        = true                           {product lp64_product} {ergonomic}
     bool UseLargePagesIndividualAllocation        = false                                  {pd product} {ergonomic}
     bool UseParallelGC                            = true                                      {product} {command line}

Logging:
Log output configuration:
 #0: stdout all=off uptime,level,tags foldmultilines=false
 #1: stderr all=off uptime,level,tags foldmultilines=false

Release file:
JAVA_VERSION="21.0.10" 
MODULES="java.base java.compiler java.datatransfer java.xml java.prefs java.desktop java.instrument java.logging java.management java.security.sasl java.naming java.rmi java.management.rmi java.net.http java.scripting java.security.jgss java.transaction.xa java.sql java.sql.rowset java.xml.crypto java.se java.smartcardio jdk.accessibility jdk.internal.jvmstat jdk.attach jdk.charsets jdk.internal.opt jdk.zipfs jdk.compiler jdk.crypto.ec jdk.crypto.cryptoki jdk.crypto.mscapi jdk.dynalink jdk.internal.ed jdk.editpad jdk.hotspot.agent jdk.httpserver jdk.internal.le jdk.internal.vm.ci jdk.internal.vm.compiler jdk.internal.vm.compiler.management jdk.jartool jdk.javadoc jdk.jcmd jdk.management jdk.management.agent jdk.jconsole jdk.jdeps jdk.jdwp.agent jdk.jdi jdk.jfr jdk.jshell jdk.jsobject jdk.jstatd jdk.localedata jdk.management.jfr jdk.naming.dns jdk.naming.rmi jdk.net jdk.nio.mapmode jdk.random jdk.sctp jdk.security.auth jdk.security.jgss jdk.unsupported jdk.unsupported.desktop jdk.xml.dom" 

Environment Variables:
PATH=C:\Program Files\Eclipse Adoptium\jdk-25.0.3.9-hotspot\bin;C:\WINDOWS\system32;C:\WINDOWS;C:\WINDOWS\System32\Wbem;C:\WINDOWS\System32\WindowsPowerShell\v1.0\;C:\WINDOWS\System32\OpenSSH\;C:\Program Files (x86)\NVIDIA Corporation\PhysX\Common;C:\Program Files\dotnet\;C:\Users\Vanitas\AppData\Local\Programs\Python\Python311\;C:\Users\Vanitas\AppData\Local\Programs\Python\Python311\Scripts\;C:\Program Files\nodejs\;C:\Program Files\Git\cmd;C:\Program Files\Eclipse Adoptium\jdk-25.0.3.9-hotspot\bin;C:\WINDOWS\system32;C:\WINDOWS;C:\WINDOWS\System32\Wbem;C:\WINDOWS\System32\WindowsPowerShell\v1.0\;C:\WINDOWS\System32\OpenSSH\;C:\Program Files (x86)\NVIDIA Corporation\PhysX\Common;C:\Program Files\dotnet\;C:\Users\Vanitas\AppData\Local\Programs\Python\Python311\;C:\Users\Vanitas\AppData\Local\Programs\Python\Python311\Scripts\;C:\Program Files\nodejs\;C:\Program Files\Git\cmd;C:\Users\Vanitas\AppData\Local\Programs\Python\Python314\;C:\Users\Vanitas\AppData\Local\Programs\Python\Python314\Scripts\;C:\Users\Vanitas\AppData\Local\Programs\Microsoft VS Code\bin;C:\Users\Vanitas\AppData\Roaming\npm;C:\Users\Vanitas\AppData\Local\GitHubDesktop\bin
USERNAME=Vanitas
OS=Windows_NT
PROCESSOR_IDENTIFIER=Intel64 Family 6 Model 186 Stepping 3, GenuineIntel
TMP=C:\Users\Vanitas\AppData\Local\Temp
TEMP=C:\Users\Vanitas\AppData\Local\Temp




Periodic native trim disabled

---------------  S Y S T E M  ---------------

OS:
 Windows 11 , 64 bit Build 26100 (10.0.26100.8328)
OS uptime: 2 days 23:38 hours
Hyper-V role detected

CPU: total 12 (initial active 12) (6 cores per cpu, 2 threads per core) family 6 model 186 stepping 3 microcode 0x6134, cx8, cmov, fxsr, ht, mmx, 3dnowpref, sse, sse2, sse3, ssse3, sse4.1, sse4.2, popcnt, lzcnt, tsc, tscinvbit, avx, avx2, aes, erms, clmul, bmi1, bmi2, adx, sha, fma, vzeroupper, clflush, clflushopt, clwb, hv, serialize, rdtscp, rdpid, fsrm, f16c, cet_ibt, cet_ss
Processor Information for the first 12 processors :
  Max Mhz: 1300, Current Mhz: 1300, Mhz Limit: 1300

Memory: 4k page, system-wide physical 16068M (812M free)
TotalPageFile size 30437M (AvailPageFile size 0M)
current process WorkingSet (physical memory assigned to process): 36M, peak: 448M
current process commit charge ("private bytes"): 488M, peak: 531M

vm_info: OpenJDK 64-Bit Server VM (21.0.10+7-LTS) for windows-amd64 JRE (21.0.10+7-LTS), built on 2026-01-20T00:00:00Z by "admin" with MS VC++ 17.12 (VS2022)

END.
