#
# There is insufficient memory for the Java Runtime Environment to continue.
# Native memory allocation (mmap) failed to map 264241152 bytes. Error detail: G1 virtual space
# Possible reasons:
#   The system is out of physical RAM or swap space
#   This process is running with CompressedOops enabled, and the Java Heap may be blocking the growth of the native heap
# Possible solutions:
#   Reduce memory load on the system
#   Increase physical memory or swap space
#   Check if swap backing store is full
#   Decrease Java heap size (-Xmx/-Xms)
#   Decrease number of Java threads
#   Decrease Java thread stack sizes (-Xss)
#   Set larger code cache with -XX:ReservedCodeCacheSize=
#   JVM is running with Zero Based Compressed Oops mode in which the Java heap is
#     placed in the first 32GB address space. The Java Heap base address is the
#     maximum limit for the native heap growth. Please use -XX:HeapBaseMinAddress
#     to set the Java Heap base and to place the Java Heap above 32GB virtual address.
# This output file may be truncated or incomplete.
#
#  Out of Memory Error (os_windows.cpp:3714), pid=29884, tid=25900
#
# JRE version:  (21.0.10+7) (build )
# Java VM: OpenJDK 64-Bit Server VM (21.0.10+7-LTS, mixed mode, sharing, tiered, compressed oops, compressed class ptrs, g1 gc, windows-amd64)
# No core dump will be written. Minidumps are not enabled by default on client versions of Windows
#

---------------  S U M M A R Y ------------

Command Line: -ea -XX:+ShowCodeDetailsInExceptionMessages -Dfile.encoding=UTF-8 com.microsoft.java.test.runner.Launcher 52796 testng vnuk_2026.railway.AccountTest#tc005_verifyChangePasswordAndReLoginFlow()

Host: 13th Gen Intel(R) Core(TM) i5-1335U, 12 cores, 15G,  Windows 11 , 64 bit Build 26100 (10.0.26100.8328)
Time: Thu Jun  4 12:34:07 2026 SE Asia Standard Time elapsed time: 0.021262 seconds (0d 0h 0m 0s)

---------------  T H R E A D  ---------------

Current thread (0x000001d5e1ff7f80):  JavaThread "Unknown thread" [_thread_in_vm, id=25900, stack(0x000000cf08000000,0x000000cf08100000) (1024K)]

Stack: [0x000000cf08000000,0x000000cf08100000]
Native frames: (J=compiled Java code, j=interpreted, Vv=VM code, C=native code)
V  [jvm.dll+0x6d7a39]
V  [jvm.dll+0x8b4b26]
V  [jvm.dll+0x8b70de]
V  [jvm.dll+0x8b77c3]
V  [jvm.dll+0x284346]
V  [jvm.dll+0x6d4355]
V  [jvm.dll+0x6c808a]
V  [jvm.dll+0x35edb8]
V  [jvm.dll+0x3669f6]
V  [jvm.dll+0x3b7afe]
V  [jvm.dll+0x3b7da8]
V  [jvm.dll+0x332fbc]
V  [jvm.dll+0x333b0b]
V  [jvm.dll+0x87eadb]
V  [jvm.dll+0x3c4a81]
V  [jvm.dll+0x867d25]
V  [jvm.dll+0x457b31]
V  [jvm.dll+0x459721]
C  [jli.dll+0x52d0]
C  [ucrtbase.dll+0x37b0]
C  [KERNEL32.DLL+0x2e957]
C  [ntdll.dll+0x427c]


---------------  P R O C E S S  ---------------

Threads class SMR info:
_java_thread_list=0x00007ffc6be5a1c8, length=0, elements={
}

Java Threads: ( => current thread )
Total: 0

Other Threads:
  0x000001d5e2060630 WorkerThread "GC Thread#0"                     [id=24356, stack(0x000000cf08100000,0x000000cf08200000) (1024K)]
  0x000001d5e2071ec0 ConcurrentGCThread "G1 Main Marker"            [id=35972, stack(0x000000cf08200000,0x000000cf08300000) (1024K)]
  0x000001d5e2073080 WorkerThread "G1 Conc#0"                       [id=3908, stack(0x000000cf08300000,0x000000cf08400000) (1024K)]

[error occurred during error reporting (printing all threads), id 0xc0000005, EXCEPTION_ACCESS_VIOLATION (0xc0000005) at pc=0x00007ffc6b5556a7]
VM state: not at safepoint (not fully initialized)

VM Mutex/Monitor currently owned by a thread:  ([mutex/lock_event])
[0x00007ffc6bece660] Heap_lock - owner thread: 0x000001d5e1ff7f80

Heap address: 0x0000000704e00000, size: 4018 MB, Compressed Oops mode: Zero based, Oop shift amount: 3

CDS archive(s) mapped at: [0x0000000000000000-0x0000000000000000-0x0000000000000000), size 0, SharedBaseAddress: 0x0000000800000000, ArchiveRelocationMode: 1.
Narrow klass base: 0x0000000000000000, Narrow klass shift: 0, Narrow klass range: 0x0

GC Precious Log:
 CardTable entry size: 512
 Card Set container configuration: InlinePtr #cards 4 size 8 Array Of Cards #cards 16 size 48 Howl #buckets 8 coarsen threshold 3686 Howl Bitmap #cards 512 size 80 coarsen threshold 460 Card regions per heap region 1 cards per card region 4096

Heap:
 garbage-first heap   total 0K, used 0K [0x0000000704e00000, 0x0000000800000000)
  region size 2048K, 0 young (0K), 0 survivors (0K)

[error occurred during error reporting (printing heap information), id 0xc0000005, EXCEPTION_ACCESS_VIOLATION (0xc0000005) at pc=0x00007ffc6b9413b9]
GC Heap History (0 events):
No events

Dll operation events (1 events):
Event: 0.013 Loaded shared library C:\Users\Vanitas\.vscode\extensions\redhat.java-1.54.0-win32-x64\jre\21.0.10-win32-x86_64\bin\java.dll

Deoptimization events (0 events):
No events

Classes loaded (0 events):
No events

Classes unloaded (0 events):
No events

Classes redefined (0 events):
No events

Internal exceptions (0 events):
No events

ZGC Phase Switch (0 events):
No events

VM Operations (0 events):
No events

Memory protections (0 events):
No events

Nmethod flushes (0 events):
No events

Events (0 events):
No events


Dynamic libraries:
0x00007ff7d90d0000 - 0x00007ff7d90de000 	C:\Users\Vanitas\.vscode\extensions\redhat.java-1.54.0-win32-x64\jre\21.0.10-win32-x86_64\bin\java.exe
0x00007ffd51c20000 - 0x00007ffd51e87000 	C:\WINDOWS\SYSTEM32\ntdll.dll
0x00007ffd4fe10000 - 0x00007ffd4fed9000 	C:\WINDOWS\System32\KERNEL32.DLL
0x00007ffd4e650000 - 0x00007ffd4ea47000 	C:\WINDOWS\System32\KERNELBASE.dll
0x00007ffd4f4f0000 - 0x00007ffd4f63b000 	C:\WINDOWS\System32\ucrtbase.dll
0x00007ffd2fe40000 - 0x00007ffd2fe5e000 	C:\Users\Vanitas\.vscode\extensions\redhat.java-1.54.0-win32-x64\jre\21.0.10-win32-x86_64\bin\VCRUNTIME140.dll
0x00007ffd3f520000 - 0x00007ffd3f538000 	C:\Users\Vanitas\.vscode\extensions\redhat.java-1.54.0-win32-x64\jre\21.0.10-win32-x86_64\bin\jli.dll
0x00007ffd502d0000 - 0x00007ffd50496000 	C:\WINDOWS\System32\USER32.dll
0x00007ffd34ee0000 - 0x00007ffd35172000 	C:\WINDOWS\WinSxS\amd64_microsoft.windows.common-controls_6595b64144ccf1df_6.0.26100.8457_none_3e0b2faee331e92d\COMCTL32.dll
0x00007ffd4f840000 - 0x00007ffd4f867000 	C:\WINDOWS\System32\win32u.dll
0x00007ffd4fee0000 - 0x00007ffd4ff89000 	C:\WINDOWS\System32\msvcrt.dll
0x00007ffd51b20000 - 0x00007ffd51b4b000 	C:\WINDOWS\System32\GDI32.dll
0x00007ffd4f870000 - 0x00007ffd4f99c000 	C:\WINDOWS\System32\gdi32full.dll
0x00007ffd4f640000 - 0x00007ffd4f6e3000 	C:\WINDOWS\System32\msvcp_win.dll
0x00007ffd50130000 - 0x00007ffd50162000 	C:\WINDOWS\System32\IMM32.DLL
0x00007ffd494c0000 - 0x00007ffd494cc000 	C:\Users\Vanitas\.vscode\extensions\redhat.java-1.54.0-win32-x64\jre\21.0.10-win32-x86_64\bin\vcruntime140_1.dll
0x00007ffd12ab0000 - 0x00007ffd12b3d000 	C:\Users\Vanitas\.vscode\extensions\redhat.java-1.54.0-win32-x64\jre\21.0.10-win32-x86_64\bin\msvcp140.dll
0x00007ffc6b210000 - 0x00007ffc6bfb1000 	C:\Users\Vanitas\.vscode\extensions\redhat.java-1.54.0-win32-x64\jre\21.0.10-win32-x86_64\bin\server\jvm.dll
0x00007ffd4f9a0000 - 0x00007ffd4fa56000 	C:\WINDOWS\System32\ADVAPI32.dll
0x00007ffd4fd60000 - 0x00007ffd4fe07000 	C:\WINDOWS\System32\sechost.dll
0x00007ffd50580000 - 0x00007ffd50698000 	C:\WINDOWS\System32\RPCRT4.dll
0x00007ffd50900000 - 0x00007ffd50980000 	C:\WINDOWS\System32\WS2_32.dll
0x00007ffd4ca00000 - 0x00007ffd4ca36000 	C:\WINDOWS\SYSTEM32\WINMM.dll
0x00007ffd4e4b0000 - 0x00007ffd4e50e000 	C:\WINDOWS\SYSTEM32\POWRPROF.dll
0x00007ffd46c90000 - 0x00007ffd46c9b000 	C:\WINDOWS\SYSTEM32\VERSION.dll
0x00007ffd4e490000 - 0x00007ffd4e4a4000 	C:\WINDOWS\SYSTEM32\UMPDC.dll
0x00007ffd4d3e0000 - 0x00007ffd4d3fb000 	C:\WINDOWS\SYSTEM32\kernel.appcore.dll
0x00007ffd405d0000 - 0x00007ffd405da000 	C:\Users\Vanitas\.vscode\extensions\redhat.java-1.54.0-win32-x64\jre\21.0.10-win32-x86_64\bin\jimage.dll
0x00007ffd4c3e0000 - 0x00007ffd4c622000 	C:\WINDOWS\SYSTEM32\DBGHELP.DLL
0x00007ffd51790000 - 0x00007ffd51b13000 	C:\WINDOWS\System32\combase.dll
0x00007ffd504a0000 - 0x00007ffd50579000 	C:\WINDOWS\System32\OLEAUT32.dll
0x00007ffd4c9c0000 - 0x00007ffd4c9fb000 	C:\WINDOWS\SYSTEM32\dbgcore.DLL
0x00007ffd4ea50000 - 0x00007ffd4eaf8000 	C:\WINDOWS\System32\bcryptPrimitives.dll
0x00007ffd2bbe0000 - 0x00007ffd2bc00000 	C:\Users\Vanitas\.vscode\extensions\redhat.java-1.54.0-win32-x64\jre\21.0.10-win32-x86_64\bin\java.dll

JVMTI agents: none

dbghelp: loaded successfully - version: 4.0.5 - missing functions: none
symbol engine: initialized successfully - sym options: 0x614 - pdb path: .;C:\Users\Vanitas\.vscode\extensions\redhat.java-1.54.0-win32-x64\jre\21.0.10-win32-x86_64\bin;C:\WINDOWS\SYSTEM32;C:\WINDOWS\WinSxS\amd64_microsoft.windows.common-controls_6595b64144ccf1df_6.0.26100.8457_none_3e0b2faee331e92d;C:\Users\Vanitas\.vscode\extensions\redhat.java-1.54.0-win32-x64\jre\21.0.10-win32-x86_64\bin\server

VM Arguments:
jvm_args: -ea -XX:+ShowCodeDetailsInExceptionMessages -Dfile.encoding=UTF-8 
java_command: com.microsoft.java.test.runner.Launcher 52796 testng vnuk_2026.railway.AccountTest#tc005_verifyChangePasswordAndReLoginFlow()
java_class_path (initial): d:\Automation Test\railway-testing\app\build\resources\test;d:\Automation Test\railway-testing\app\build\classes\java\test;\app\build\resources\main;d:\Automation Test\railway-testing\app\build\classes\java\main;d:\Automation Test\railway-testing\app\bin;c:\Users\Vanitas\.gradle\caches\modules-2\files-2.1\com.google.guava\failureaccess\1.0.3\aeaffd00d57023a2c947393ed251f0354f0985fc\failureaccess-1.0.3.jar;c:\Users\Vanitas\.gradle\caches\modules-2\files-2.1\org.seleniumhq.selenium\selenium-ie-driver\4.44.0\7866fd49b2d13450d5e356567a82b81da6f10fcc\selenium-ie-driver-4.44.0.jar;c:\Users\Vanitas\.gradle\caches\modules-2\files-2.1\io.opentelemetry\opentelemetry-exporter-logging\1.62.0\79ec5f1f23e00da7a8c8a30136cfbfaf9aa38f93\opentelemetry-exporter-logging-1.62.0.jar;c:\Users\Vanitas\.gradle\caches\modules-2\files-2.1\org.seleniumhq.selenium\selenium-remote-driver\4.44.0\7a42873695e733795d973f2f12cd8c512359b069\selenium-remote-driver-4.44.0.jar;c:\Users\Vanitas\.gradle\caches\modules-2\files-2.1\io.opentelemetry\opentelemetry-sdk-logs\1.62.0\f242422084100da0bd3a5f6f2bcf364aaf4d2c53\opentelemetry-sdk-logs-1.62.0.jar;c:\Users\Vanitas\.gradle\caches\modules-2\files-2.1\org.seleniumhq.selenium\selenium-json\4.44.0\541932d272091c65cc6aea6454bf2ea5a83c0845\selenium-json-4.44.0.jar;c:\Users\Vanitas\.gradle\caches\modules-2\files-2.1\io.opentelemetry\opentelemetry-sdk-common\1.62.0\b6742282daab8e13598b78a83ddfa54f10b5752b\opentelemetry-sdk-common-1.62.0.jar;c:\Users\Vanitas\.gradle\caches\modules-2\files-2.1\org.seleniumhq.selenium\selenium-devtools-v147\4.44.0\73553957e582a476c127545f94dc4af333eb84bd\selenium-devtools-v147-4.44.0.jar;c:\Users\Vanitas\.gradle\caches\modules-2\files-2.1\io.opentelemetry\opentelemetry-sdk-extension-autoconfigure\1.62.0\302abf92628ded497d03218ccf9c652887a7da86\opentelemetry-sdk-extension-autoconfigure-1.62.0.jar;c:\Users\Vanitas\.gradle\caches\modules-2\files-2.1\com.google.errorprone\error_prone_annotations\2.47.0\e64e70c8e2b5a30ce7f1b6c9e3eb7016881e0411\error_prone_annotations-2.47.0.jar;c:\Users\Vanitas\.gradle\caches\modules-2\files-2.1\org.seleniumhq.selenium\selenium-safari-driver\4.44.0\e8cc62fc1a1be30142cac0c29552f67ba065b733\selenium-safari-driver-4.44.0.jar;c:\Users\Vanitas\.gradle\caches\modules-2\files-2.1\org.projectlombok\lombok\1.18.46\a5cfe99fdf320e84955ef653f2ce1bf789d11385\lombok-1.18.46.jar;c:\Users\Vanitas\.gradle\caches\modules-2\files-2.1\org.seleniumhq.selenium\selenium-devtools-v148\4.44.0\97455dd03966f18e511fb397aa632c7d52eda943\selenium-devtools-v148-4.44.0.jar;c:\Users\Vanitas\.gradle\caches\modules-2\files-2.1\org.seleniumhq.selenium\selenium-api\4.44.0\ce61e823be89cd9eebb479fb2e830a4062c61962\selenium-api-4.44.0.jar;c:\Users\Vanitas\.gradle\caches\modules-2\files-2.1\io.opentelemetry\opentelemetry-api\1.62.0\c4ee83d77005567852a72e08b945ebb023be1daa\opentelemetry-api-1.62.0.jar;c:\Users\Vanitas\.gradle\caches\modules-2\files-2.1\org.seleniumhq.selenium\selenium-devtools-v146\4.44.0\c05239a3afcf023c5dd5601c24212ca3a8595f89\selenium-devtools-v146-4.44.0.jar;c:\Users\Vanitas\.gradle\caches\modules-2\files-2.1\io.opentelemetry\opentelemetry-sdk\1.62.0\6fa52c4641322b14b8bd515eb048bb9b1365d0c\opentelemetry-sdk-1.62.0.jar;c:\Users\Vanitas\.gradle\caches\modules-2\files-2.1\com.google.auto.service\auto-service-annotations\1.1.1\da12a15cd058ba90a0ff55357fb521161af4736d\auto-service-annotations-1.1.1.jar;c:\Users\Vanitas\.gradle\caches\modules-2\files-2.1\io.opentelemetry\opentelemetry-common\1.62.0\e6468bd64a94429b68761f7c13e143c3fdfaafc7\opentelemetry-common-1.62.0.jar;c:\Users\Vanitas\.gradle\caches\modules-2\files-2.1\com.google.guava\listenablefuture\9999.0-empty-to-avoid-conflict-with-guava\b421526c5f297295adef1c886e5246c39d4ac629\listenablefuture-9999.0-empty-to-avoid-conflict-with-guava.jar;c:\Users\Vanitas\.gradle\caches\modules-2\files-2.1\io.opentelemetry\opentelemetry-context\1.62.0\365cee4d1f365e4d4a05654742b50aa436c2dd8e\opentelemetry-context-1.62.0.jar;c:\Users\Vanitas\.gradle\caches\modules-2\files-2.1\org.seleniumhq.selenium\selenium-firefox-driver\4.44.0\f932f9c463e4bc3cf3967cef512f09d532885e22\selenium-firefox-driver-4.44.0.jar;c:\Users\Vanitas\.gradle\caches\modules-2\files-2.1\io.opentelemetry\opentelemetry-sdk-extension-autoconfigure-spi\1.62.0\99bbc1bf4cae62c793e6eaa3f41436e29710b876\opentelemetry-sdk-extension-autoconfigure-spi-1.62.0.jar;c:\Users\Vanitas\.gradle\caches\modules-2\files-2.1\org.seleniumhq.selenium\selenium-os\4.44.0\d6edd474f2dac25168382cf68322b116593f8ade\selenium-os-4.44.0.jar;c:\Users\Vanitas\.gradle\caches\modules-2\files-2.1\org.seleniumhq.selenium\selenium-chromium-driver\4.44.0\bbd7214aacf64207975285d003725484d8b29cd8\selenium-chromium-driver-4.44.0.jar;c:\Users\Vanitas\.gradle\caches\modules-2\files-2.1\net.bytebuddy\byte-buddy\1.18.8-jdk5\d8ea191a3c22dec50640db3a625a3c8402b262e3\byte-buddy-1.18.8-jdk5.jar;c:\Users\Vanitas\.gradle\caches\modules-2\files-2.1\org.seleniumhq.selenium\selenium-support\4.44.0\e3f080dde364a450613d80be58ee938472a07d7e\selenium-support-4.44.0.jar;c:\Users\Vanitas\.gradle\caches\modules-2\files-2.1\org.jspecify\jspecify\1.0.0\7425a601c1c7ec76645a78d22b8c6a627edee507\jspecify-1.0.0.jar;c:\Users\Vanitas\.gradle\caches\modules-2\files-2.1\org.seleniumhq.selenium\selenium-http\4.44.0\d8c063dc301b4debe2862c005fa59731eb30f948\selenium-http-4.44.0.jar;c:\Users\Vanitas\.gradle\caches\modules-2\files-2.1\org.seleniumhq.selenium\selenium-chrome-driver\4.44.0\c40fae5fb38a1408234edcf63bd5971ce8283e4d\selenium-chrome-driver-4.44.0.jar;c:\Users\Vanitas\.gradle\caches\modules-2\files-2.1\org.seleniumhq.selenium\selenium-java\4.44.0\2cc38c8dbef9d6e8774f05c2d2e8088180858ed4\selenium-java-4.44.0.jar;c:\Users\Vanitas\.gradle\caches\modules-2\files-2.1\io.opentelemetry\opentelemetry-sdk-trace\1.62.0\7a337d2f887b151d27e734d1c221eb51b1c5b734\opentelemetry-sdk-trace-1.62.0.jar;c:\Users\Vanitas\.gradle\caches\modules-2\files-2.1\org.seleniumhq.selenium\selenium-manager\4.44.0\3f670afa6166ec26e2f449652f633c4349fc6cf1\selenium-manager-4.44.0.jar;c:\Users\Vanitas\.gradle\caches\modules-2\files-2.1\org.seleniumhq.selenium\selenium-edge-driver\4.44.0\218f7d7a4ee873c26c6be54f01fedb50ce40146e\selenium-edge-driver-4.44.0.jar;c:\Users\Vanitas\.gradle\caches\modules-2\files-2.1\com.google.guava\guava\33.6.0-jre\c376b13067cc99a5774403530953f7b05a91e218\guava-33.6.0-jre.jar;c:\Users\Vanitas\.gradle\caches\modules-2\files-2.1\com.google.j2objc\j2objc-annotations\3.1\a892ca9507839bbdb900d64310ac98256cab992f\j2objc-annotations-3.1.jar;c:\Users\Vanitas\.gradle\caches\modules-2\files-2.1\io.opentelemetry\opentelemetry-sdk-metrics\1.62.0\5838371075930a4a15f7f61240b4b64cb3e924d8\opentelemetry-sdk-metrics-1.62.0.jar;c:\Users\Vanitas\.gradle\caches\modules-2\files-2.1\org.webjars\jquery\3.5.1\2392938e374f561c27c53872bdc9b6b351b6ba34\jquery-3.5.1.jar;c:\Users\Vanitas\.gradle\caches\modules-2\files-2.1\com.beust\jcommander\1.78\a3927de9bd6f351429bcf763712c9890629d8f51\jcommander-1.78.jar;c:\Users\Vanitas\.gradle\caches\modules-2\files-2.1\com.google.code.findbugs\jsr305\3.0.1\f7be08ec23c21485b9b5a1cf1654c2ec8c58168d\jsr305-3.0.1.jar;c:\Users\Vanitas\.gradle\caches\modules-2\files-2.1\org.testng\testng\7.5\1416a607fae667c14e390b484e8d02b5824c0674\testng-7.5.jar;c:\Users\Vanitas\.gradle\caches\modules-2\files-2.1\org.slf4j\slf4j-api\1.7.32\cdcff33940d9f2de763bc41ea05a0be5941176c3\slf4j-api-1.7.32.jar;c:\Users\Vanitas\.vscode\extensions\vscjava.vscode-java-test-0.45.0\server\com.microsoft.java.test.runner-jar-with-dependencies.jar
Launcher Type: SUN_STANDARD

[Global flags]
     intx CICompilerCount                          = 4                                         {product} {ergonomic}
     uint ConcGCThreads                            = 3                                         {product} {ergonomic}
     uint G1ConcRefinementThreads                  = 10                                        {product} {ergonomic}
   size_t G1HeapRegionSize                         = 2097152                                   {product} {ergonomic}
    uintx GCDrainStackTargetSize                   = 64                                        {product} {ergonomic}
   size_t InitialHeapSize                          = 264241152                                 {product} {ergonomic}
   size_t MarkStackSize                            = 4194304                                   {product} {ergonomic}
   size_t MaxHeapSize                              = 4213178368                                {product} {ergonomic}
   size_t MinHeapDeltaBytes                        = 2097152                                   {product} {ergonomic}
   size_t MinHeapSize                              = 8388608                                   {product} {ergonomic}
    uintx NonNMethodCodeHeapSize                   = 5839372                                {pd product} {ergonomic}
    uintx NonProfiledCodeHeapSize                  = 122909434                              {pd product} {ergonomic}
    uintx ProfiledCodeHeapSize                     = 122909434                              {pd product} {ergonomic}
    uintx ReservedCodeCacheSize                    = 251658240                              {pd product} {ergonomic}
     bool SegmentedCodeCache                       = true                                      {product} {ergonomic}
     bool ShowCodeDetailsInExceptionMessages       = true                                   {manageable} {command line}
   size_t SoftMaxHeapSize                          = 4213178368                             {manageable} {ergonomic}
     bool UseCompressedOops                        = true                           {product lp64_product} {ergonomic}
     bool UseG1GC                                  = true                                      {product} {ergonomic}
     bool UseLargePagesIndividualAllocation        = false                                  {pd product} {ergonomic}

Logging:
Log output configuration:
 #0: stdout all=warning uptime,level,tags foldmultilines=false
 #1: stderr all=off uptime,level,tags foldmultilines=false

Release file:
<release file has not been read>
Environment Variables:
PATH=C:\Program Files\Eclipse Adoptium\jdk-25.0.3.9-hotspot\bin;C:\WINDOWS\system32;C:\WINDOWS;C:\WINDOWS\System32\Wbem;C:\WINDOWS\System32\WindowsPowerShell\v1.0\;C:\WINDOWS\System32\OpenSSH\;C:\Program Files (x86)\NVIDIA Corporation\PhysX\Common;C:\Program Files\dotnet\;C:\Users\Vanitas\AppData\Local\Programs\Python\Python311\;C:\Users\Vanitas\AppData\Local\Programs\Python\Python311\Scripts\;C:\Program Files\nodejs\;C:\Program Files\Git\cmd;C:\Program Files\Eclipse Adoptium\jdk-25.0.3.9-hotspot\bin;C:\WINDOWS\system32;C:\WINDOWS;C:\WINDOWS\System32\Wbem;C:\WINDOWS\System32\WindowsPowerShell\v1.0\;C:\WINDOWS\System32\OpenSSH\;C:\Program Files (x86)\NVIDIA Corporation\PhysX\Common;C:\Program Files\dotnet\;C:\Users\Vanitas\AppData\Local\Programs\Python\Python311\;C:\Users\Vanitas\AppData\Local\Programs\Python\Python311\Scripts\;C:\Program Files\nodejs\;C:\Program Files\Git\cmd;C:\Users\Vanitas\AppData\Local\Programs\Python\Python314\;C:\Users\Vanitas\AppData\Local\Programs\Python\Python314\Scripts\;C:\Users\Vanitas\AppData\Local\Programs\Microsoft VS Code\bin;C:\Users\Vanitas\AppData\Roaming\npm;C:\Users\Vanitas\AppData\Local\GitHubDesktop\bin
USERNAME=Vanitas
OS=Windows_NT
PROCESSOR_IDENTIFIER=Intel64 Family 6 Model 186 Stepping 3, GenuineIntel
TMP=C:\Users\Vanitas\AppData\Local\Temp
TEMP=C:\Users\Vanitas\AppData\Local\Temp




Periodic native trim disabled

---------------  S Y S T E M  ---------------

OS:
 Windows 11 , 64 bit Build 26100 (10.0.26100.8328)
OS uptime: 3 days 23:41 hours
Hyper-V role detected

CPU: total 12 (initial active 12) (6 cores per cpu, 2 threads per core) family 6 model 186 stepping 3 microcode 0x6134, cx8, cmov, fxsr, ht, mmx, 3dnowpref, sse, sse2, sse3, ssse3, sse4.1, sse4.2, popcnt, lzcnt, tsc, tscinvbit, avx, avx2, aes, erms, clmul, bmi1, bmi2, adx, sha, fma, vzeroupper, clflush, clflushopt, clwb, hv, serialize, rdtscp, rdpid, fsrm, f16c, cet_ibt, cet_ss
Processor Information for the first 12 processors :
  Max Mhz: 1300, Current Mhz: 1300, Mhz Limit: 1300

Memory: 4k page, system-wide physical 16068M (1254M free)
TotalPageFile size 29672M (AvailPageFile size 168M)
current process WorkingSet (physical memory assigned to process): 13M, peak: 13M
current process commit charge ("private bytes"): 64M, peak: 316M

vm_info: OpenJDK 64-Bit Server VM (21.0.10+7-LTS) for windows-amd64 JRE (21.0.10+7-LTS), built on 2026-01-20T00:00:00Z by "admin" with MS VC++ 17.12 (VS2022)

END.
